Archive member included to satisfy reference by file (symbol)

/usr/local/gcc-arm-none-eabi/bin/../lib/gcc/arm-none-eabi/9.3.1/thumb/v7e-m+fp/hard/libgcc.a(_aeabi_uldivmod.o)
                              CMakeFiles/FreeRTOS.elf.dir/Drivers/STM32F4xx_HAL_Driver/Src/stm32f4xx_hal_rcc.c.obj (__aeabi_uldivmod)
/usr/local/gcc-arm-none-eabi/bin/../lib/gcc/arm-none-eabi/9.3.1/thumb/v7e-m+fp/hard/libgcc.a(_udivmoddi4.o)
                              /usr/local/gcc-arm-none-eabi/bin/../lib/gcc/arm-none-eabi/9.3.1/thumb/v7e-m+fp/hard/libgcc.a(_aeabi_uldivmod.o) (__udivmoddi4)
/usr/local/gcc-arm-none-eabi/bin/../lib/gcc/arm-none-eabi/9.3.1/thumb/v7e-m+fp/hard/libgcc.a(_dvmd_tls.o)
                              /usr/local/gcc-arm-none-eabi/bin/../lib/gcc/arm-none-eabi/9.3.1/thumb/v7e-m+fp/hard/libgcc.a(_aeabi_uldivmod.o) (__aeabi_ldiv0)
/usr/local/gcc-arm-none-eabi/bin/../lib/gcc/arm-none-eabi/9.3.1/../../../../arm-none-eabi/lib/thumb/v7e-m+fp/hard/libg.a(lib_a-errno.o)
                              CMakeFiles/FreeRTOS.elf.dir/Core/Src/syscalls.c.obj (__errno)
/usr/local/gcc-arm-none-eabi/bin/../lib/gcc/arm-none-eabi/9.3.1/../../../../arm-none-eabi/lib/thumb/v7e-m+fp/hard/libg.a(lib_a-exit.o)
                              /usr/local/gcc-arm-none-eabi/bin/../lib/gcc/arm-none-eabi/9.3.1/../../../../arm-none-eabi/lib/thumb/v7e-m+fp/hard/crt0.o (exit)
/usr/local/gcc-arm-none-eabi/bin/../lib/gcc/arm-none-eabi/9.3.1/../../../../arm-none-eabi/lib/thumb/v7e-m+fp/hard/libg.a(lib_a-impure.o)
                              /usr/local/gcc-arm-none-eabi/bin/../lib/gcc/arm-none-eabi/9.3.1/../../../../arm-none-eabi/lib/thumb/v7e-m+fp/hard/libg.a(lib_a-exit.o) (_global_impure_ptr)
/usr/local/gcc-arm-none-eabi/bin/../lib/gcc/arm-none-eabi/9.3.1/../../../../arm-none-eabi/lib/thumb/v7e-m+fp/hard/libg.a(lib_a-init.o)
                              /usr/local/gcc-arm-none-eabi/bin/../lib/gcc/arm-none-eabi/9.3.1/../../../../arm-none-eabi/lib/thumb/v7e-m+fp/hard/crt0.o (__libc_init_array)
/usr/local/gcc-arm-none-eabi/bin/../lib/gcc/arm-none-eabi/9.3.1/../../../../arm-none-eabi/lib/thumb/v7e-m+fp/hard/libg.a(lib_a-malloc.o)
                              CMakeFiles/FreeRTOS.elf.dir/Middlewares/Third_Party/FreeRTOS/Source/portable/MemMang/heap_useNewlib_ST.c.obj (malloc)
/usr/local/gcc-arm-none-eabi/bin/../lib/gcc/arm-none-eabi/9.3.1/../../../../arm-none-eabi/lib/thumb/v7e-m+fp/hard/libg.a(lib_a-mallocr.o)
                              /usr/local/gcc-arm-none-eabi/bin/../lib/gcc/arm-none-eabi/9.3.1/../../../../arm-none-eabi/lib/thumb/v7e-m+fp/hard/libg.a(lib_a-malloc.o) (_malloc_r)
/usr/local/gcc-arm-none-eabi/bin/../lib/gcc/arm-none-eabi/9.3.1/../../../../arm-none-eabi/lib/thumb/v7e-m+fp/hard/libg.a(lib_a-memcpy.o)
                              CMakeFiles/FreeRTOS.elf.dir/Middlewares/Third_Party/FreeRTOS/Source/CMSIS_RTOS_V2/cmsis_os2.c.obj (memcpy)
/usr/local/gcc-arm-none-eabi/bin/../lib/gcc/arm-none-eabi/9.3.1/../../../../arm-none-eabi/lib/thumb/v7e-m+fp/hard/libg.a(lib_a-memset.o)
                              /usr/local/gcc-arm-none-eabi/bin/../lib/gcc/arm-none-eabi/9.3.1/../../../../arm-none-eabi/lib/thumb/v7e-m+fp/hard/crt0.o (memset)
/usr/local/gcc-arm-none-eabi/bin/../lib/gcc/arm-none-eabi/9.3.1/../../../../arm-none-eabi/lib/thumb/v7e-m+fp/hard/libg.a(lib_a-mstats.o)
                              CMakeFiles/FreeRTOS.elf.dir/Middlewares/Third_Party/FreeRTOS/Source/portable/MemMang/heap_useNewlib_ST.c.obj (mallinfo)
/usr/local/gcc-arm-none-eabi/bin/../lib/gcc/arm-none-eabi/9.3.1/../../../../arm-none-eabi/lib/thumb/v7e-m+fp/hard/libg.a(lib_a-reent.o)
                              CMakeFiles/FreeRTOS.elf.dir/Middlewares/Third_Party/FreeRTOS/Source/tasks.c.obj (_reclaim_reent)
/usr/local/gcc-arm-none-eabi/bin/../lib/gcc/arm-none-eabi/9.3.1/../../../../arm-none-eabi/lib/thumb/v7e-m+fp/hard/libg.a(lib_a-snprintf.o)
                              CMakeFiles/FreeRTOS.elf.dir/Core/Src/freertos.c.obj (snprintf)
/usr/local/gcc-arm-none-eabi/bin/../lib/gcc/arm-none-eabi/9.3.1/../../../../arm-none-eabi/lib/thumb/v7e-m+fp/hard/libg.a(lib_a-svfprintf.o)
                              /usr/local/gcc-arm-none-eabi/bin/../lib/gcc/arm-none-eabi/9.3.1/../../../../arm-none-eabi/lib/thumb/v7e-m+fp/hard/libg.a(lib_a-snprintf.o) (_svfprintf_r)
/usr/local/gcc-arm-none-eabi/bin/../lib/gcc/arm-none-eabi/9.3.1/../../../../arm-none-eabi/lib/thumb/v7e-m+fp/hard/libg.a(lib_a-__call_atexit.o)
                              /usr/local/gcc-arm-none-eabi/bin/../lib/gcc/arm-none-eabi/9.3.1/../../../../arm-none-eabi/lib/thumb/v7e-m+fp/hard/libg.a(lib_a-exit.o) (__call_exitprocs)
/usr/local/gcc-arm-none-eabi/bin/../lib/gcc/arm-none-eabi/9.3.1/../../../../arm-none-eabi/lib/thumb/v7e-m+fp/hard/libg.a(lib_a-atexit.o)
                              /usr/local/gcc-arm-none-eabi/bin/../lib/gcc/arm-none-eabi/9.3.1/../../../../arm-none-eabi/lib/thumb/v7e-m+fp/hard/libg.a(lib_a-__call_atexit.o) (atexit)
[...]
Memory Configuration

Name             Origin             Length             Attributes
RAM              0x0000000020000000 0x0000000000010000 xrw
FLASH            0x0000000008000000 0x0000000000040000 xr
*default*        0x0000000000000000 0xffffffffffffffff

Linker script and memory map

LOAD /usr/local/gcc-arm-none-eabi/bin/../lib/gcc/arm-none-eabi/9.3.1/thumb/v7e-m+fp/hard/crti.o
LOAD /usr/local/gcc-arm-none-eabi/bin/../lib/gcc/arm-none-eabi/9.3.1/thumb/v7e-m+fp/hard/crtbegin.o
LOAD /usr/local/gcc-arm-none-eabi/bin/../lib/gcc/arm-none-eabi/9.3.1/../../../../arm-none-eabi/lib/thumb/v7e-m+fp/hard/crt0.o
LOAD CMakeFiles/FreeRTOS.elf.dir/Core/Src/freertos.c.obj
LOAD CMakeFiles/FreeRTOS.elf.dir/Core/Src/gpio.c.obj
LOAD CMakeFiles/FreeRTOS.elf.dir/Core/Src/main.c.obj
LOAD CMakeFiles/FreeRTOS.elf.dir/Core/Src/stm32f4xx_hal_msp.c.obj
LOAD CMakeFiles/FreeRTOS.elf.dir/Core/Src/stm32f4xx_hal_timebase_tim.c.obj
LOAD CMakeFiles/FreeRTOS.elf.dir/Core/Src/stm32f4xx_it.c.obj
LOAD CMakeFiles/FreeRTOS.elf.dir/Core/Src/syscalls.c.obj
LOAD CMakeFiles/FreeRTOS.elf.dir/Core/Src/system_stm32f4xx.c.obj
LOAD CMakeFiles/FreeRTOS.elf.dir/Drivers/STM32F4xx_HAL_Driver/Src/stm32f4xx_hal.c.obj
LOAD CMakeFiles/FreeRTOS.elf.dir/Drivers/STM32F4xx_HAL_Driver/Src/stm32f4xx_hal_cortex.c.obj
LOAD CMakeFiles/FreeRTOS.elf.dir/Drivers/STM32F4xx_HAL_Driver/Src/stm32f4xx_hal_dma.c.obj
LOAD CMakeFiles/FreeRTOS.elf.dir/Drivers/STM32F4xx_HAL_Driver/Src/stm32f4xx_hal_dma_ex.c.obj
LOAD CMakeFiles/FreeRTOS.elf.dir/Drivers/STM32F4xx_HAL_Driver/Src/stm32f4xx_hal_exti.c.obj
LOAD CMakeFiles/FreeRTOS.elf.dir/Drivers/STM32F4xx_HAL_Driver/Src/stm32f4xx_hal_flash.c.obj
LOAD CMakeFiles/FreeRTOS.elf.dir/Drivers/STM32F4xx_HAL_Driver/Src/stm32f4xx_hal_flash_ex.c.obj
LOAD CMakeFiles/FreeRTOS.elf.dir/Drivers/STM32F4xx_HAL_Driver/Src/stm32f4xx_hal_flash_ramfunc.c.obj
LOAD CMakeFiles/FreeRTOS.elf.dir/Drivers/STM32F4xx_HAL_Driver/Src/stm32f4xx_hal_gpio.c.obj
LOAD CMakeFiles/FreeRTOS.elf.dir/Drivers/STM32F4xx_HAL_Driver/Src/stm32f4xx_hal_pwr.c.obj
LOAD CMakeFiles/FreeRTOS.elf.dir/Drivers/STM32F4xx_HAL_Driver/Src/stm32f4xx_hal_pwr_ex.c.obj
LOAD CMakeFiles/FreeRTOS.elf.dir/Drivers/STM32F4xx_HAL_Driver/Src/stm32f4xx_hal_rcc.c.obj
LOAD CMakeFiles/FreeRTOS.elf.dir/Drivers/STM32F4xx_HAL_Driver/Src/stm32f4xx_hal_rcc_ex.c.obj
LOAD CMakeFiles/FreeRTOS.elf.dir/Drivers/STM32F4xx_HAL_Driver/Src/stm32f4xx_hal_tim.c.obj
LOAD CMakeFiles/FreeRTOS.elf.dir/Drivers/STM32F4xx_HAL_Driver/Src/stm32f4xx_hal_tim_ex.c.obj
LOAD CMakeFiles/FreeRTOS.elf.dir/Middlewares/Third_Party/FreeRTOS/Source/CMSIS_RTOS_V2/cmsis_os2.c.obj
LOAD CMakeFiles/FreeRTOS.elf.dir/Middlewares/Third_Party/FreeRTOS/Source/croutine.c.obj
LOAD CMakeFiles/FreeRTOS.elf.dir/Middlewares/Third_Party/FreeRTOS/Source/event_groups.c.obj
LOAD CMakeFiles/FreeRTOS.elf.dir/Middlewares/Third_Party/FreeRTOS/Source/list.c.obj
LOAD CMakeFiles/FreeRTOS.elf.dir/Middlewares/Third_Party/FreeRTOS/Source/portable/GCC/ARM_CM4F/port.c.obj
LOAD CMakeFiles/FreeRTOS.elf.dir/Middlewares/Third_Party/FreeRTOS/Source/portable/MemMang/heap_useNewlib_ST.c.obj
LOAD CMakeFiles/FreeRTOS.elf.dir/Middlewares/Third_Party/FreeRTOS/Source/queue.c.obj
LOAD CMakeFiles/FreeRTOS.elf.dir/Middlewares/Third_Party/FreeRTOS/Source/stream_buffer.c.obj
LOAD CMakeFiles/FreeRTOS.elf.dir/Middlewares/Third_Party/FreeRTOS/Source/tasks.c.obj
LOAD CMakeFiles/FreeRTOS.elf.dir/Middlewares/Third_Party/FreeRTOS/Source/timers.c.obj
LOAD CMakeFiles/FreeRTOS.elf.dir/startup/startup_stm32f401xc.s.obj
START GROUP
LOAD /usr/local/gcc-arm-none-eabi/bin/../lib/gcc/arm-none-eabi/9.3.1/thumb/v7e-m+fp/hard/libgcc.a
LOAD /usr/local/gcc-arm-none-eabi/bin/../lib/gcc/arm-none-eabi/9.3.1/../../../../arm-none-eabi/lib/thumb/v7e-m+fp/hard/libg.a
LOAD /usr/local/gcc-arm-none-eabi/bin/../lib/gcc/arm-none-eabi/9.3.1/../../../../arm-none-eabi/lib/thumb/v7e-m+fp/hard/libc.a
END GROUP
LOAD /usr/local/gcc-arm-none-eabi/bin/../lib/gcc/arm-none-eabi/9.3.1/thumb/v7e-m+fp/hard/crtend.o
LOAD /usr/local/gcc-arm-none-eabi/bin/../lib/gcc/arm-none-eabi/9.3.1/thumb/v7e-m+fp/hard/crtn.o
                0x0000000020010000                _estack = 0x20010000
                0x0000000000000200                _Min_Heap_Size = 0x200
                0x0000000000000400                _Min_Stack_Size = 0x400

.isr_vector     0x0000000008000000      0x194
                0x0000000008000000                . = ALIGN (0x4)
 *(.isr_vector)
 .isr_vector    0x0000000008000000      0x194 CMakeFiles/FreeRTOS.elf.dir/startup/startup_stm32f401xc.s.obj
                0x0000000008000000                g_pfnVectors
                0x0000000008000194                . = ALIGN (0x4)

.text           0x00000000080001c0     0x9a68
                0x00000000080001c0                . = ALIGN (0x4)
 *(.text)
 .text          0x00000000080001c0       0x40 /usr/local/gcc-arm-none-eabi/bin/../lib/gcc/arm-none-eabi/9.3.1/thumb/v7e-m+fp/hard/crtbegin.o
 .text          0x0000000008000200       0x30 /usr/local/gcc-arm-none-eabi/bin/../lib/gcc/arm-none-eabi/9.3.1/thumb/v7e-m+fp/hard/libgcc.a(_aeabi_uldivmod.o)
                0x0000000008000200                __aeabi_uldivmod
 .text          0x0000000008000230      0x2c4 /usr/local/gcc-arm-none-eabi/bin/../lib/gcc/arm-none-eabi/9.3.1/thumb/v7e-m+fp/hard/libgcc.a(_udivmoddi4.o)
                0x0000000008000230                __udivmoddi4
 .text          0x00000000080004f4        0x4 /usr/local/gcc-arm-none-eabi/bin/../lib/gcc/arm-none-eabi/9.3.1/thumb/v7e-m+fp/hard/libgcc.a(_dvmd_tls.o)
                0x00000000080004f4                __aeabi_ldiv0
                0x00000000080004f4                __aeabi_idiv0
 .text          0x00000000080004f8      0x134 /usr/local/gcc-arm-none-eabi/bin/../lib/gcc/arm-none-eabi/9.3.1/../../../../arm-none-eabi/lib/thumb/v7e-m+fp/hard/libg.a(lib_a-memcpy.o)
                0x00000000080004f8                memcpy
 *fill*         0x000000000800062c        0x4 
 .text          0x0000000008000630       0xa0 /usr/local/gcc-arm-none-eabi/bin/../lib/gcc/arm-none-eabi/9.3.1/../../../../arm-none-eabi/lib/thumb/v7e-m+fp/hard/libg.a(lib_a-memchr.o)
                0x0000000008000630                memchr
 *fill*         0x00000000080006d0       0x30 
 .text          0x0000000008000700       0xdc /usr/local/gcc-arm-none-eabi/bin/../lib/gcc/arm-none-eabi/9.3.1/../../../../arm-none-eabi/lib/thumb/v7e-m+fp/hard/libg.a(lib_a-strlen.o)
                0x0000000008000700                strlen
 .text          0x00000000080007dc      0x378 /usr/local/gcc-arm-none-eabi/bin/../lib/gcc/arm-none-eabi/9.3.1/thumb/v7e-m+fp/hard/libgcc.a(_arm_addsubdf3.o)
                0x00000000080007dc                __aeabi_drsub
                0x00000000080007e4                __aeabi_dsub
                0x00000000080007e4                __subdf3
                0x00000000080007e8                __adddf3
                0x00000000080007e8                __aeabi_dadd
                0x0000000008000a60                __aeabi_ui2d
                0x0000000008000a60                __floatunsidf
                0x0000000008000a80                __floatsidf
                0x0000000008000a80                __aeabi_i2d
                0x0000000008000aa4                __extendsfdf2
                0x0000000008000aa4                __aeabi_f2d
                0x0000000008000ae8                __aeabi_ul2d
                0x0000000008000ae8                __floatundidf
                0x0000000008000af8                __floatdidf
                0x0000000008000af8                __aeabi_l2d
 .text          0x0000000008000b54      0x424 /usr/local/gcc-arm-none-eabi/bin/../lib/gcc/arm-none-eabi/9.3.1/thumb/v7e-m+fp/hard/libgcc.a(_arm_muldivdf3.o)
                0x0000000008000b54                __aeabi_dmul
                0x0000000008000b54                __muldf3
                0x0000000008000da8                __aeabi_ddiv
                0x0000000008000da8                __divdf3
 .text          0x0000000008000f78      0x110 /usr/local/gcc-arm-none-eabi/bin/../lib/gcc/arm-none-eabi/9.3.1/thumb/v7e-m+fp/hard/libgcc.a(_arm_cmpdf2.o)
                0x0000000008000f78                __gtdf2
                0x0000000008000f78                __gedf2
                0x0000000008000f80                __ltdf2
                0x0000000008000f80                __ledf2
                0x0000000008000f88                __cmpdf2
                0x0000000008000f88                __eqdf2
                0x0000000008000f88                __nedf2
                0x0000000008001004                __aeabi_cdrcmple
                0x0000000008001014                __aeabi_cdcmple
                0x0000000008001014                __aeabi_cdcmpeq
                0x0000000008001024                __aeabi_dcmpeq
                0x0000000008001038                __aeabi_dcmplt
                0x000000000800104c                __aeabi_dcmple
                0x0000000008001060                __aeabi_dcmpge
                0x0000000008001074                __aeabi_dcmpgt
 .text          0x0000000008001088       0x2c /usr/local/gcc-arm-none-eabi/bin/../lib/gcc/arm-none-eabi/9.3.1/thumb/v7e-m+fp/hard/libgcc.a(_arm_unorddf2.o)
                0x0000000008001088                __aeabi_dcmpun
                0x0000000008001088                __unorddf2
 .text          0x00000000080010b4       0x50 /usr/local/gcc-arm-none-eabi/bin/../lib/gcc/arm-none-eabi/9.3.1/thumb/v7e-m+fp/hard/libgcc.a(_arm_fixdfsi.o)
                0x00000000080010b4                __fixdfsi
                0x00000000080010b4                __aeabi_d2iz
 *(.text*)
 .text.StartDefaultTask
                0x0000000008001104       0x18 CMakeFiles/FreeRTOS.elf.dir/Core/Src/freertos.c.obj
                0x0000000008001104                StartDefaultTask
 *fill*         0x000000000800111c        0x4 
 .text.StartTask02
                0x0000000008001120       0x3c CMakeFiles/FreeRTOS.elf.dir/Core/Src/freertos.c.obj
                0x0000000008001120                StartTask02
 .text.MX_FREERTOS_Init
                0x000000000800115c       0x38 CMakeFiles/FreeRTOS.elf.dir/Core/Src/freertos.c.obj
                0x000000000800115c                MX_FREERTOS_Init
 .text.MX_GPIO_Init
                0x0000000008001194       0x80 CMakeFiles/FreeRTOS.elf.dir/Core/Src/gpio.c.obj
                0x0000000008001194                MX_GPIO_Init
 .text.SystemClock_Config
                0x0000000008001214       0x98 CMakeFiles/FreeRTOS.elf.dir/Core/Src/main.c.obj
                0x0000000008001214                SystemClock_Config
 .text.main     0x00000000080012ac       0x1c CMakeFiles/FreeRTOS.elf.dir/Core/Src/main.c.obj
                0x00000000080012ac                main
 .text.HAL_TIM_PeriodElapsedCallback
                0x00000000080012c8       0x18 CMakeFiles/FreeRTOS.elf.dir/Core/Src/main.c.obj
                0x00000000080012c8                HAL_TIM_PeriodElapsedCallback
 .text.HAL_MspInit
                0x00000000080012e0       0x38 CMakeFiles/FreeRTOS.elf.dir/Core/Src/stm32f4xx_hal_msp.c.obj
                0x00000000080012e0                HAL_MspInit
 .text.HAL_InitTick
                0x0000000008001318       0x78 CMakeFiles/FreeRTOS.elf.dir/Core/Src/stm32f4xx_hal_timebase_tim.c.obj
                0x0000000008001318                HAL_InitTick
 .text.NMI_Handler
                0x0000000008001390        0x2 CMakeFiles/FreeRTOS.elf.dir/Core/Src/stm32f4xx_it.c.obj
                0x0000000008001390                NMI_Handler
 .text.HardFault_Handler
                0x0000000008001392        0x2 CMakeFiles/FreeRTOS.elf.dir/Core/Src/stm32f4xx_it.c.obj
                0x0000000008001392                HardFault_Handler
 .text.MemManage_Handler
                0x0000000008001394        0x2 CMakeFiles/FreeRTOS.elf.dir/Core/Src/stm32f4xx_it.c.obj
                0x0000000008001394                MemManage_Handler
 .text.BusFault_Handler
                0x0000000008001396        0x2 CMakeFiles/FreeRTOS.elf.dir/Core/Src/stm32f4xx_it.c.obj
                0x0000000008001396                BusFault_Handler
 .text.UsageFault_Handler
                0x0000000008001398        0x2 CMakeFiles/FreeRTOS.elf.dir/Core/Src/stm32f4xx_it.c.obj
                0x0000000008001398                UsageFault_Handler
 .text.DebugMon_Handler
                0x000000000800139a        0x2 CMakeFiles/FreeRTOS.elf.dir/Core/Src/stm32f4xx_it.c.obj
                0x000000000800139a                DebugMon_Handler
 .text.TIM1_UP_TIM10_IRQHandler
                0x000000000800139c       0x10 CMakeFiles/FreeRTOS.elf.dir/Core/Src/stm32f4xx_it.c.obj
                0x000000000800139c                TIM1_UP_TIM10_IRQHandler
 .text._getpid  0x00000000080013ac        0x4 CMakeFiles/FreeRTOS.elf.dir/Core/Src/syscalls.c.obj
                0x00000000080013ac                _getpid
 .text._kill    0x00000000080013b0       0x10 CMakeFiles/FreeRTOS.elf.dir/Core/Src/syscalls.c.obj
                0x00000000080013b0                _kill
 .text._exit    0x00000000080013c0        0xc CMakeFiles/FreeRTOS.elf.dir/Core/Src/syscalls.c.obj
                0x00000000080013c0                _exit
 .text._read    0x00000000080013cc       0x20 CMakeFiles/FreeRTOS.elf.dir/Core/Src/syscalls.c.obj
                0x00000000080013cc                _read
 .text._write   0x00000000080013ec       0x1c CMakeFiles/FreeRTOS.elf.dir/Core/Src/syscalls.c.obj
                0x00000000080013ec                _write
 .text._close   0x0000000008001408        0x6 CMakeFiles/FreeRTOS.elf.dir/Core/Src/syscalls.c.obj
                0x0000000008001408                _close
 .text._fstat   0x000000000800140e        0xa CMakeFiles/FreeRTOS.elf.dir/Core/Src/syscalls.c.obj
                0x000000000800140e                _fstat
 .text._isatty  0x0000000008001418        0x4 CMakeFiles/FreeRTOS.elf.dir/Core/Src/syscalls.c.obj
                0x0000000008001418                _isatty
 .text._lseek   0x000000000800141c        0x4 CMakeFiles/FreeRTOS.elf.dir/Core/Src/syscalls.c.obj
                0x000000000800141c                _lseek
 .text.SystemInit
                0x0000000008001420       0x1c CMakeFiles/FreeRTOS.elf.dir/Core/Src/system_stm32f4xx.c.obj
                0x0000000008001420                SystemInit
 .text.HAL_Init
                0x000000000800143c       0x34 CMakeFiles/FreeRTOS.elf.dir/Drivers/STM32F4xx_HAL_Driver/Src/stm32f4xx_hal.c.obj
                0x000000000800143c                HAL_Init
 .text.HAL_IncTick
                0x0000000008001470       0x18 CMakeFiles/FreeRTOS.elf.dir/Drivers/STM32F4xx_HAL_Driver/Src/stm32f4xx_hal.c.obj
                0x0000000008001470                HAL_IncTick
 .text.HAL_GetTick
                0x0000000008001488        0xc CMakeFiles/FreeRTOS.elf.dir/Drivers/STM32F4xx_HAL_Driver/Src/stm32f4xx_hal.c.obj
                0x0000000008001488                HAL_GetTick
 .text.HAL_NVIC_SetPriorityGrouping
                0x0000000008001494       0x24 CMakeFiles/FreeRTOS.elf.dir/Drivers/STM32F4xx_HAL_Driver/Src/stm32f4xx_hal_cortex.c.obj
                0x0000000008001494                HAL_NVIC_SetPriorityGrouping
 .text.HAL_NVIC_SetPriority
                0x00000000080014b8       0x68 CMakeFiles/FreeRTOS.elf.dir/Drivers/STM32F4xx_HAL_Driver/Src/stm32f4xx_hal_cortex.c.obj
                0x00000000080014b8                HAL_NVIC_SetPriority
 .text.HAL_NVIC_EnableIRQ
                0x0000000008001520       0x1c CMakeFiles/FreeRTOS.elf.dir/Drivers/STM32F4xx_HAL_Driver/Src/stm32f4xx_hal_cortex.c.obj
                0x0000000008001520                HAL_NVIC_EnableIRQ
 .text.HAL_GPIO_Init
                0x000000000800153c      0x1a8 CMakeFiles/FreeRTOS.elf.dir/Drivers/STM32F4xx_HAL_Driver/Src/stm32f4xx_hal_gpio.c.obj
                0x000000000800153c                HAL_GPIO_Init
 .text.HAL_GPIO_WritePin
                0x00000000080016e4        0xc CMakeFiles/FreeRTOS.elf.dir/Drivers/STM32F4xx_HAL_Driver/Src/stm32f4xx_hal_gpio.c.obj
                0x00000000080016e4                HAL_GPIO_WritePin
 .text.HAL_GPIO_TogglePin
                0x00000000080016f0       0x12 CMakeFiles/FreeRTOS.elf.dir/Drivers/STM32F4xx_HAL_Driver/Src/stm32f4xx_hal_gpio.c.obj
                0x00000000080016f0                HAL_GPIO_TogglePin
 *fill*         0x0000000008001702        0x2 
 .text.HAL_RCC_OscConfig
                0x0000000008001704      0x3ec CMakeFiles/FreeRTOS.elf.dir/Drivers/STM32F4xx_HAL_Driver/Src/stm32f4xx_hal_rcc.c.obj
                0x0000000008001704                HAL_RCC_OscConfig
 .text.HAL_RCC_GetSysClockFreq
                0x0000000008001af0       0xa0 CMakeFiles/FreeRTOS.elf.dir/Drivers/STM32F4xx_HAL_Driver/Src/stm32f4xx_hal_rcc.c.obj
                0x0000000008001af0                HAL_RCC_GetSysClockFreq
 .text.HAL_RCC_ClockConfig
                0x0000000008001b90      0x160 CMakeFiles/FreeRTOS.elf.dir/Drivers/STM32F4xx_HAL_Driver/Src/stm32f4xx_hal_rcc.c.obj
                0x0000000008001b90                HAL_RCC_ClockConfig
 .text.HAL_RCC_GetHCLKFreq
                0x0000000008001cf0        0xc CMakeFiles/FreeRTOS.elf.dir/Drivers/STM32F4xx_HAL_Driver/Src/stm32f4xx_hal_rcc.c.obj
                0x0000000008001cf0                HAL_RCC_GetHCLKFreq
 .text.HAL_RCC_GetPCLK2Freq
                0x0000000008001cfc       0x20 CMakeFiles/FreeRTOS.elf.dir/Drivers/STM32F4xx_HAL_Driver/Src/stm32f4xx_hal_rcc.c.obj
                0x0000000008001cfc                HAL_RCC_GetPCLK2Freq
 .text.HAL_RCC_GetClockConfig
                0x0000000008001d1c       0x3c CMakeFiles/FreeRTOS.elf.dir/Drivers/STM32F4xx_HAL_Driver/Src/stm32f4xx_hal_rcc.c.obj
                0x0000000008001d1c                HAL_RCC_GetClockConfig
 .text.HAL_TIM_Base_MspInit
                0x0000000008001d58        0x2 CMakeFiles/FreeRTOS.elf.dir/Drivers/STM32F4xx_HAL_Driver/Src/stm32f4xx_hal_tim.c.obj
                0x0000000008001d58                HAL_TIM_Base_MspInit
 .text.HAL_TIM_Base_Start_IT
                0x0000000008001d5a       0x22 CMakeFiles/FreeRTOS.elf.dir/Drivers/STM32F4xx_HAL_Driver/Src/stm32f4xx_hal_tim.c.obj
                0x0000000008001d5a                HAL_TIM_Base_Start_IT
 .text.HAL_TIM_OC_DelayElapsedCallback
                0x0000000008001d7c        0x2 CMakeFiles/FreeRTOS.elf.dir/Drivers/STM32F4xx_HAL_Driver/Src/stm32f4xx_hal_tim.c.obj
                0x0000000008001d7c                HAL_TIM_OC_DelayElapsedCallback
 .text.HAL_TIM_IC_CaptureCallback
                0x0000000008001d7e        0x2 CMakeFiles/FreeRTOS.elf.dir/Drivers/STM32F4xx_HAL_Driver/Src/stm32f4xx_hal_tim.c.obj
                0x0000000008001d7e                HAL_TIM_IC_CaptureCallback
 .text.HAL_TIM_PWM_PulseFinishedCallback
                0x0000000008001d80        0x2 CMakeFiles/FreeRTOS.elf.dir/Drivers/STM32F4xx_HAL_Driver/Src/stm32f4xx_hal_tim.c.obj
                0x0000000008001d80                HAL_TIM_PWM_PulseFinishedCallback
 .text.HAL_TIM_TriggerCallback
                0x0000000008001d82        0x2 CMakeFiles/FreeRTOS.elf.dir/Drivers/STM32F4xx_HAL_Driver/Src/stm32f4xx_hal_tim.c.obj
                0x0000000008001d82                HAL_TIM_TriggerCallback
 .text.HAL_TIM_IRQHandler
                0x0000000008001d84      0x17a CMakeFiles/FreeRTOS.elf.dir/Drivers/STM32F4xx_HAL_Driver/Src/stm32f4xx_hal_tim.c.obj
                0x0000000008001d84                HAL_TIM_IRQHandler
 *fill*         0x0000000008001efe        0x2 
 .text.TIM_Base_SetConfig
                0x0000000008001f00       0x9c CMakeFiles/FreeRTOS.elf.dir/Drivers/STM32F4xx_HAL_Driver/Src/stm32f4xx_hal_tim.c.obj
                0x0000000008001f00                TIM_Base_SetConfig
 .text.HAL_TIM_Base_Init
                0x0000000008001f9c       0x34 CMakeFiles/FreeRTOS.elf.dir/Drivers/STM32F4xx_HAL_Driver/Src/stm32f4xx_hal_tim.c.obj
                0x0000000008001f9c                HAL_TIM_Base_Init
 .text.HAL_TIMEx_CommutCallback
                0x0000000008001fd0        0x2 CMakeFiles/FreeRTOS.elf.dir/Drivers/STM32F4xx_HAL_Driver/Src/stm32f4xx_hal_tim_ex.c.obj
                0x0000000008001fd0                HAL_TIMEx_CommutCallback
 .text.HAL_TIMEx_BreakCallback
                0x0000000008001fd2        0x2 CMakeFiles/FreeRTOS.elf.dir/Drivers/STM32F4xx_HAL_Driver/Src/stm32f4xx_hal_tim_ex.c.obj
                0x0000000008001fd2                HAL_TIMEx_BreakCallback
 .text.osKernelInitialize
                0x0000000008001fd4       0x3c CMakeFiles/FreeRTOS.elf.dir/Middlewares/Third_Party/FreeRTOS/Source/CMSIS_RTOS_V2/cmsis_os2.c.obj
                0x0000000008001fd4                osKernelInitialize
 .text.osKernelStart
                0x0000000008002010       0x48 CMakeFiles/FreeRTOS.elf.dir/Middlewares/Third_Party/FreeRTOS/Source/CMSIS_RTOS_V2/cmsis_os2.c.obj
                0x0000000008002010                osKernelStart
 .text.osThreadNew
                0x0000000008002058       0xd8 CMakeFiles/FreeRTOS.elf.dir/Middlewares/Third_Party/FreeRTOS/Source/CMSIS_RTOS_V2/cmsis_os2.c.obj
                0x0000000008002058                osThreadNew
 .text.osDelay  0x0000000008002130       0x3c CMakeFiles/FreeRTOS.elf.dir/Middlewares/Third_Party/FreeRTOS/Source/CMSIS_RTOS_V2/cmsis_os2.c.obj
                0x0000000008002130                osDelay
 .text.vApplicationGetIdleTaskMemory
                0x000000000800216c       0x18 CMakeFiles/FreeRTOS.elf.dir/Middlewares/Third_Party/FreeRTOS/Source/CMSIS_RTOS_V2/cmsis_os2.c.obj
                0x000000000800216c                vApplicationGetIdleTaskMemory
 .text.vApplicationGetTimerTaskMemory
                0x0000000008002184       0x18 CMakeFiles/FreeRTOS.elf.dir/Middlewares/Third_Party/FreeRTOS/Source/CMSIS_RTOS_V2/cmsis_os2.c.obj
                0x0000000008002184                vApplicationGetTimerTaskMemory
 .text.vListInitialise
                0x000000000800219c       0x16 CMakeFiles/FreeRTOS.elf.dir/Middlewares/Third_Party/FreeRTOS/Source/list.c.obj
                0x000000000800219c                vListInitialise
 .text.vListInitialiseItem
                0x00000000080021b2        0x6 CMakeFiles/FreeRTOS.elf.dir/Middlewares/Third_Party/FreeRTOS/Source/list.c.obj
                0x00000000080021b2                vListInitialiseItem
 .text.vListInsertEnd
                0x00000000080021b8       0x16 CMakeFiles/FreeRTOS.elf.dir/Middlewares/Third_Party/FreeRTOS/Source/list.c.obj
                0x00000000080021b8                vListInsertEnd
 .text.vListInsert
                0x00000000080021ce       0x32 CMakeFiles/FreeRTOS.elf.dir/Middlewares/Third_Party/FreeRTOS/Source/list.c.obj
                0x00000000080021ce                vListInsert
 .text.uxListRemove
                0x0000000008002200       0x26 CMakeFiles/FreeRTOS.elf.dir/Middlewares/Third_Party/FreeRTOS/Source/list.c.obj
                0x0000000008002200                uxListRemove
 *fill*         0x0000000008002226        0x2 
 .text.prvTaskExitError
                0x0000000008002228       0x40 CMakeFiles/FreeRTOS.elf.dir/Middlewares/Third_Party/FreeRTOS/Source/portable/GCC/ARM_CM4F/port.c.obj
 .text.prvPortStartFirstTask
                0x0000000008002268       0x28 CMakeFiles/FreeRTOS.elf.dir/Middlewares/Third_Party/FreeRTOS/Source/portable/GCC/ARM_CM4F/port.c.obj
 .text.vPortEnableVFP
                0x0000000008002290       0x14 CMakeFiles/FreeRTOS.elf.dir/Middlewares/Third_Party/FreeRTOS/Source/portable/GCC/ARM_CM4F/port.c.obj
 .text.pxPortInitialiseStack
                0x00000000080022a4       0x2c CMakeFiles/FreeRTOS.elf.dir/Middlewares/Third_Party/FreeRTOS/Source/portable/GCC/ARM_CM4F/port.c.obj
                0x00000000080022a4                pxPortInitialiseStack
 .text.SVC_Handler
                0x00000000080022d0       0x24 CMakeFiles/FreeRTOS.elf.dir/Middlewares/Third_Party/FreeRTOS/Source/portable/GCC/ARM_CM4F/port.c.obj
                0x00000000080022d0                SVC_Handler
 .text.vPortEnterCritical
                0x00000000080022f4       0x44 CMakeFiles/FreeRTOS.elf.dir/Middlewares/Third_Party/FreeRTOS/Source/portable/GCC/ARM_CM4F/port.c.obj
                0x00000000080022f4                vPortEnterCritical
 .text.vPortExitCritical
                0x0000000008002338       0x2c CMakeFiles/FreeRTOS.elf.dir/Middlewares/Third_Party/FreeRTOS/Source/portable/GCC/ARM_CM4F/port.c.obj
                0x0000000008002338                vPortExitCritical
 *fill*         0x0000000008002364        0xc 
 .text.PendSV_Handler
                0x0000000008002370       0x64 CMakeFiles/FreeRTOS.elf.dir/Middlewares/Third_Party/FreeRTOS/Source/portable/GCC/ARM_CM4F/port.c.obj
                0x0000000008002370                PendSV_Handler
 .text.SysTick_Handler
                0x00000000080023d4       0x2c CMakeFiles/FreeRTOS.elf.dir/Middlewares/Third_Party/FreeRTOS/Source/portable/GCC/ARM_CM4F/port.c.obj
                0x00000000080023d4                SysTick_Handler
 .text.vPortSetupTimerInterrupt
                0x0000000008002400       0x38 CMakeFiles/FreeRTOS.elf.dir/Middlewares/Third_Party/FreeRTOS/Source/portable/GCC/ARM_CM4F/port.c.obj
                0x0000000008002400                vPortSetupTimerInterrupt
 .text.xPortStartScheduler
                0x0000000008002438      0x110 CMakeFiles/FreeRTOS.elf.dir/Middlewares/Third_Party/FreeRTOS/Source/portable/GCC/ARM_CM4F/port.c.obj
                0x0000000008002438                xPortStartScheduler
 .text.vPortValidateInterruptPriority
                0x0000000008002548       0x5c CMakeFiles/FreeRTOS.elf.dir/Middlewares/Third_Party/FreeRTOS/Source/portable/GCC/ARM_CM4F/port.c.obj
                0x0000000008002548                vPortValidateInterruptPriority
 .text._sbrk_r  0x00000000080025a4       0x80 CMakeFiles/FreeRTOS.elf.dir/Middlewares/Third_Party/FreeRTOS/Source/portable/MemMang/heap_useNewlib_ST.c.obj
                0x00000000080025a4                _sbrk_r
 .text.__malloc_lock
                0x0000000008002624       0x20 CMakeFiles/FreeRTOS.elf.dir/Middlewares/Third_Party/FreeRTOS/Source/portable/MemMang/heap_useNewlib_ST.c.obj
                0x0000000008002624                __malloc_lock
 .text.__malloc_unlock
                0x0000000008002644        0x8 CMakeFiles/FreeRTOS.elf.dir/Middlewares/Third_Party/FreeRTOS/Source/portable/MemMang/heap_useNewlib_ST.c.obj
                0x0000000008002644                __malloc_unlock
 .text.pvPortMalloc
                0x000000000800264c        0x8 CMakeFiles/FreeRTOS.elf.dir/Middlewares/Third_Party/FreeRTOS/Source/portable/MemMang/heap_useNewlib_ST.c.obj
                0x000000000800264c                pvPortMalloc
 .text.vPortFree
                0x0000000008002654        0x8 CMakeFiles/FreeRTOS.elf.dir/Middlewares/Third_Party/FreeRTOS/Source/portable/MemMang/heap_useNewlib_ST.c.obj
                0x0000000008002654                vPortFree
 .text.prvIsQueueFull
                0x000000000800265c       0x1e CMakeFiles/FreeRTOS.elf.dir/Middlewares/Third_Party/FreeRTOS/Source/queue.c.obj
 .text.prvIsQueueEmpty
                0x000000000800267a       0x1a CMakeFiles/FreeRTOS.elf.dir/Middlewares/Third_Party/FreeRTOS/Source/queue.c.obj
 .text.prvCopyDataToQueue
                0x0000000008002694       0x76 CMakeFiles/FreeRTOS.elf.dir/Middlewares/Third_Party/FreeRTOS/Source/queue.c.obj
 .text.prvCopyDataFromQueue
                0x000000000800270a       0x24 CMakeFiles/FreeRTOS.elf.dir/Middlewares/Third_Party/FreeRTOS/Source/queue.c.obj
 .text.prvUnlockQueue
                0x000000000800272e       0x6e CMakeFiles/FreeRTOS.elf.dir/Middlewares/Third_Party/FreeRTOS/Source/queue.c.obj
 .text.xQueueGenericReset
                0x000000000800279c       0x84 CMakeFiles/FreeRTOS.elf.dir/Middlewares/Third_Party/FreeRTOS/Source/queue.c.obj
                0x000000000800279c                xQueueGenericReset
 .text.prvInitialiseNewQueue
                0x0000000008002820       0x22 CMakeFiles/FreeRTOS.elf.dir/Middlewares/Third_Party/FreeRTOS/Source/queue.c.obj
 .text.xQueueGenericCreateStatic
                0x0000000008002842       0x94 CMakeFiles/FreeRTOS.elf.dir/Middlewares/Third_Party/FreeRTOS/Source/queue.c.obj
                0x0000000008002842                xQueueGenericCreateStatic
 *fill*         0x00000000080028d6        0x2 
 .text.xQueueGenericSend
                0x00000000080028d8      0x180 CMakeFiles/FreeRTOS.elf.dir/Middlewares/Third_Party/FreeRTOS/Source/queue.c.obj
                0x00000000080028d8                xQueueGenericSend
 .text.xQueueGenericSendFromISR
                0x0000000008002a58       0xce CMakeFiles/FreeRTOS.elf.dir/Middlewares/Third_Party/FreeRTOS/Source/queue.c.obj
                0x0000000008002a58                xQueueGenericSendFromISR
 *fill*         0x0000000008002b26        0x2 
 .text.xQueueReceive
                0x0000000008002b28      0x15c CMakeFiles/FreeRTOS.elf.dir/Middlewares/Third_Party/FreeRTOS/Source/queue.c.obj
                0x0000000008002b28                xQueueReceive
 .text.vQueueAddToRegistry
                0x0000000008002c84       0x28 CMakeFiles/FreeRTOS.elf.dir/Middlewares/Third_Party/FreeRTOS/Source/queue.c.obj
                0x0000000008002c84                vQueueAddToRegistry
 .text.vQueueWaitForMessageRestricted
                0x0000000008002cac       0x52 CMakeFiles/FreeRTOS.elf.dir/Middlewares/Third_Party/FreeRTOS/Source/queue.c.obj
                0x0000000008002cac                vQueueWaitForMessageRestricted
 *fill*         0x0000000008002cfe        0x2 
 .text.prvResetNextTaskUnblockTime
                0x0000000008002d00       0x2c CMakeFiles/FreeRTOS.elf.dir/Middlewares/Third_Party/FreeRTOS/Source/tasks.c.obj
 .text.prvInitialiseNewTask
                0x0000000008002d2c       0xfa CMakeFiles/FreeRTOS.elf.dir/Middlewares/Third_Party/FreeRTOS/Source/tasks.c.obj
 *fill*         0x0000000008002e26        0x2 
 .text.prvInitialiseTaskLists
                0x0000000008002e28       0x68 CMakeFiles/FreeRTOS.elf.dir/Middlewares/Third_Party/FreeRTOS/Source/tasks.c.obj
 .text.prvAddNewTaskToReadyList
                0x0000000008002e90       0xac CMakeFiles/FreeRTOS.elf.dir/Middlewares/Third_Party/FreeRTOS/Source/tasks.c.obj
 .text.prvDeleteTCB
                0x0000000008002f3c       0x40 CMakeFiles/FreeRTOS.elf.dir/Middlewares/Third_Party/FreeRTOS/Source/tasks.c.obj
 .text.prvCheckTasksWaitingTermination
                0x0000000008002f7c       0x4c CMakeFiles/FreeRTOS.elf.dir/Middlewares/Third_Party/FreeRTOS/Source/tasks.c.obj
 .text.prvIdleTask
                0x0000000008002fc8       0x28 CMakeFiles/FreeRTOS.elf.dir/Middlewares/Third_Party/FreeRTOS/Source/tasks.c.obj
 .text.prvAddCurrentTaskToDelayedList
                0x0000000008002ff0       0x7c CMakeFiles/FreeRTOS.elf.dir/Middlewares/Third_Party/FreeRTOS/Source/tasks.c.obj
 .text.xTaskCreateStatic
                0x000000000800306c       0x78 CMakeFiles/FreeRTOS.elf.dir/Middlewares/Third_Party/FreeRTOS/Source/tasks.c.obj
                0x000000000800306c                xTaskCreateStatic
 .text.xTaskCreate
                0x00000000080030e4       0x6a CMakeFiles/FreeRTOS.elf.dir/Middlewares/Third_Party/FreeRTOS/Source/tasks.c.obj
                0x00000000080030e4                xTaskCreate
 *fill*         0x000000000800314e        0x2 
 .text.vTaskStartScheduler
                0x0000000008003150       0xa8 CMakeFiles/FreeRTOS.elf.dir/Middlewares/Third_Party/FreeRTOS/Source/tasks.c.obj
                0x0000000008003150                vTaskStartScheduler
 .text.vTaskSuspendAll
                0x00000000080031f8       0x10 CMakeFiles/FreeRTOS.elf.dir/Middlewares/Third_Party/FreeRTOS/Source/tasks.c.obj
                0x00000000080031f8                vTaskSuspendAll
 .text.xTaskGetTickCount
                0x0000000008003208        0xc CMakeFiles/FreeRTOS.elf.dir/Middlewares/Third_Party/FreeRTOS/Source/tasks.c.obj
                0x0000000008003208                xTaskGetTickCount
 .text.xTaskIncrementTick
                0x0000000008003214      0x118 CMakeFiles/FreeRTOS.elf.dir/Middlewares/Third_Party/FreeRTOS/Source/tasks.c.obj
                0x0000000008003214                xTaskIncrementTick
 .text.xTaskResumeAll
                0x000000000800332c       0xf8 CMakeFiles/FreeRTOS.elf.dir/Middlewares/Third_Party/FreeRTOS/Source/tasks.c.obj
                0x000000000800332c                xTaskResumeAll
 .text.vTaskDelay
                0x0000000008003424       0x4c CMakeFiles/FreeRTOS.elf.dir/Middlewares/Third_Party/FreeRTOS/Source/tasks.c.obj
                0x0000000008003424                vTaskDelay
 .text.vTaskSwitchContext
                0x0000000008003470       0xa4 CMakeFiles/FreeRTOS.elf.dir/Middlewares/Third_Party/FreeRTOS/Source/tasks.c.obj
                0x0000000008003470                vTaskSwitchContext
 .text.vTaskPlaceOnEventList
                0x0000000008003514       0x30 CMakeFiles/FreeRTOS.elf.dir/Middlewares/Third_Party/FreeRTOS/Source/tasks.c.obj
                0x0000000008003514                vTaskPlaceOnEventList
 .text.vTaskPlaceOnEventListRestricted
                0x0000000008003544       0x38 CMakeFiles/FreeRTOS.elf.dir/Middlewares/Third_Party/FreeRTOS/Source/tasks.c.obj
                0x0000000008003544                vTaskPlaceOnEventListRestricted
 .text.xTaskRemoveFromEventList
                0x000000000800357c       0x8c CMakeFiles/FreeRTOS.elf.dir/Middlewares/Third_Party/FreeRTOS/Source/tasks.c.obj
                0x000000000800357c                xTaskRemoveFromEventList
 .text.vTaskInternalSetTimeOutState
                0x0000000008003608       0x18 CMakeFiles/FreeRTOS.elf.dir/Middlewares/Third_Party/FreeRTOS/Source/tasks.c.obj
                0x0000000008003608                vTaskInternalSetTimeOutState
 .text.xTaskCheckForTimeOut
                0x0000000008003620       0x84 CMakeFiles/FreeRTOS.elf.dir/Middlewares/Third_Party/FreeRTOS/Source/tasks.c.obj
                0x0000000008003620                xTaskCheckForTimeOut
 .text.vTaskMissedYield
                0x00000000080036a4        0xc CMakeFiles/FreeRTOS.elf.dir/Middlewares/Third_Party/FreeRTOS/Source/tasks.c.obj
                0x00000000080036a4                vTaskMissedYield
 .text.xTaskGetSchedulerState
                0x00000000080036b0       0x20 CMakeFiles/FreeRTOS.elf.dir/Middlewares/Third_Party/FreeRTOS/Source/tasks.c.obj
                0x00000000080036b0                xTaskGetSchedulerState
 .text.xTaskPriorityDisinherit
                0x00000000080036d0       0x90 CMakeFiles/FreeRTOS.elf.dir/Middlewares/Third_Party/FreeRTOS/Source/tasks.c.obj
                0x00000000080036d0                xTaskPriorityDisinherit
 .text.prvGetNextExpireTime
                0x0000000008003760       0x20 CMakeFiles/FreeRTOS.elf.dir/Middlewares/Third_Party/FreeRTOS/Source/timers.c.obj
 .text.prvInsertTimerInActiveList
                0x0000000008003780       0x48 CMakeFiles/FreeRTOS.elf.dir/Middlewares/Third_Party/FreeRTOS/Source/timers.c.obj
 .text.prvCheckForValidListAndQueue
                0x00000000080037c8       0x70 CMakeFiles/FreeRTOS.elf.dir/Middlewares/Third_Party/FreeRTOS/Source/timers.c.obj
 .text.xTimerCreateTimerTask
                0x0000000008003838       0x64 CMakeFiles/FreeRTOS.elf.dir/Middlewares/Third_Party/FreeRTOS/Source/timers.c.obj
                0x0000000008003838                xTimerCreateTimerTask
 .text.xTimerGenericCommand
                0x000000000800389c       0x6c CMakeFiles/FreeRTOS.elf.dir/Middlewares/Third_Party/FreeRTOS/Source/timers.c.obj
                0x000000000800389c                xTimerGenericCommand
 .text.prvSwitchTimerLists
                0x0000000008003908       0x7c CMakeFiles/FreeRTOS.elf.dir/Middlewares/Third_Party/FreeRTOS/Source/timers.c.obj
 .text.prvSampleTimeNow
                0x0000000008003984       0x2c CMakeFiles/FreeRTOS.elf.dir/Middlewares/Third_Party/FreeRTOS/Source/timers.c.obj
 .text.prvProcessExpiredTimer
                0x00000000080039b0       0x6c CMakeFiles/FreeRTOS.elf.dir/Middlewares/Third_Party/FreeRTOS/Source/timers.c.obj
 .text.prvProcessTimerOrBlockTask
                0x0000000008003a1c       0x74 CMakeFiles/FreeRTOS.elf.dir/Middlewares/Third_Party/FreeRTOS/Source/timers.c.obj
 .text.prvProcessReceivedCommands
                0x0000000008003a90      0x10c CMakeFiles/FreeRTOS.elf.dir/Middlewares/Third_Party/FreeRTOS/Source/timers.c.obj
 .text.prvTimerTask
                0x0000000008003b9c       0x16 CMakeFiles/FreeRTOS.elf.dir/Middlewares/Third_Party/FreeRTOS/Source/timers.c.obj
 *fill*         0x0000000008003bb2        0x2 
 .text.Reset_Handler
                0x0000000008003bb4       0x50 CMakeFiles/FreeRTOS.elf.dir/startup/startup_stm32f401xc.s.obj
                0x0000000008003bb4                Reset_Handler
 .text.Default_Handler
                0x0000000008003c04        0x2 CMakeFiles/FreeRTOS.elf.dir/startup/startup_stm32f401xc.s.obj
                0x0000000008003c04                RTC_Alarm_IRQHandler
                0x0000000008003c04                EXTI2_IRQHandler
                0x0000000008003c04                SPI4_IRQHandler
                0x0000000008003c04                TIM1_CC_IRQHandler
                0x0000000008003c04                DMA2_Stream5_IRQHandler
                0x0000000008003c04                DMA1_Stream5_IRQHandler
                0x0000000008003c04                PVD_IRQHandler
                0x0000000008003c04                SDIO_IRQHandler
                0x0000000008003c04                TAMP_STAMP_IRQHandler
                0x0000000008003c04                EXTI3_IRQHandler
                0x0000000008003c04                I2C3_ER_IRQHandler
                0x0000000008003c04                EXTI0_IRQHandler
                0x0000000008003c04                I2C2_EV_IRQHandler
                0x0000000008003c04                DMA1_Stream2_IRQHandler
                0x0000000008003c04                FPU_IRQHandler
                0x0000000008003c04                DMA2_Stream2_IRQHandler
                0x0000000008003c04                SPI1_IRQHandler
                0x0000000008003c04                TIM1_BRK_TIM9_IRQHandler
                0x0000000008003c04                DMA2_Stream3_IRQHandler
                0x0000000008003c04                USART6_IRQHandler
                0x0000000008003c04                DMA2_Stream0_IRQHandler
                0x0000000008003c04                TIM4_IRQHandler
                0x0000000008003c04                I2C1_EV_IRQHandler
                0x0000000008003c04                DMA1_Stream6_IRQHandler
                0x0000000008003c04                DMA1_Stream1_IRQHandler
                0x0000000008003c04                TIM3_IRQHandler
                0x0000000008003c04                RCC_IRQHandler
                0x0000000008003c04                Default_Handler
                0x0000000008003c04                EXTI15_10_IRQHandler
                0x0000000008003c04                ADC_IRQHandler
                0x0000000008003c04                DMA1_Stream7_IRQHandler
                0x0000000008003c04                TIM5_IRQHandler
                0x0000000008003c04                DMA2_Stream7_IRQHandler
                0x0000000008003c04                I2C3_EV_IRQHandler
                0x0000000008003c04                EXTI9_5_IRQHandler
                0x0000000008003c04                RTC_WKUP_IRQHandler
                0x0000000008003c04                SPI2_IRQHandler
                0x0000000008003c04                DMA1_Stream0_IRQHandler
                0x0000000008003c04                EXTI4_IRQHandler
                0x0000000008003c04                WWDG_IRQHandler
                0x0000000008003c04                TIM2_IRQHandler
                0x0000000008003c04                OTG_FS_WKUP_IRQHandler
                0x0000000008003c04                TIM1_TRG_COM_TIM11_IRQHandler
                0x0000000008003c04                EXTI1_IRQHandler
                0x0000000008003c04                USART2_IRQHandler
                0x0000000008003c04                I2C2_ER_IRQHandler
                0x0000000008003c04                DMA2_Stream1_IRQHandler
                0x0000000008003c04                FLASH_IRQHandler
                0x0000000008003c04                DMA2_Stream4_IRQHandler
                0x0000000008003c04                USART1_IRQHandler
                0x0000000008003c04                OTG_FS_IRQHandler
                0x0000000008003c04                SPI3_IRQHandler
                0x0000000008003c04                DMA1_Stream4_IRQHandler
                0x0000000008003c04                I2C1_ER_IRQHandler
                0x0000000008003c04                DMA2_Stream6_IRQHandler
                0x0000000008003c04                DMA1_Stream3_IRQHandler
 *fill*         0x0000000008003c06        0x2 
 .text.__errno  0x0000000008003c08        0xc /usr/local/gcc-arm-none-eabi/bin/../lib/gcc/arm-none-eabi/9.3.1/../../../../arm-none-eabi/lib/thumb/v7e-m+fp/hard/libg.a(lib_a-errno.o)
                0x0000000008003c08                __errno
 .text.__libc_init_array
                0x0000000008003c14       0x48 /usr/local/gcc-arm-none-eabi/bin/../lib/gcc/arm-none-eabi/9.3.1/../../../../arm-none-eabi/lib/thumb/v7e-m+fp/hard/libg.a(lib_a-init.o)
                0x0000000008003c14                __libc_init_array
 .text.malloc   0x0000000008003c5c       0x10 /usr/local/gcc-arm-none-eabi/bin/../lib/gcc/arm-none-eabi/9.3.1/../../../../arm-none-eabi/lib/thumb/v7e-m+fp/hard/libg.a(lib_a-malloc.o)
                0x0000000008003c5c                malloc
 .text.free     0x0000000008003c6c       0x10 /usr/local/gcc-arm-none-eabi/bin/../lib/gcc/arm-none-eabi/9.3.1/../../../../arm-none-eabi/lib/thumb/v7e-m+fp/hard/libg.a(lib_a-malloc.o)
                0x0000000008003c6c                free
 .text._malloc_r
                0x0000000008003c7c      0x574 /usr/local/gcc-arm-none-eabi/bin/../lib/gcc/arm-none-eabi/9.3.1/../../../../arm-none-eabi/lib/thumb/v7e-m+fp/hard/libg.a(lib_a-mallocr.o)
                0x0000000008003c7c                _malloc_r
 .text.memset   0x00000000080041f0       0xa0 /usr/local/gcc-arm-none-eabi/bin/../lib/gcc/arm-none-eabi/9.3.1/../../../../arm-none-eabi/lib/thumb/v7e-m+fp/hard/libg.a(lib_a-memset.o)
                0x00000000080041f0                memset
 .text.cleanup_glue
                0x0000000008004290       0x1c /usr/local/gcc-arm-none-eabi/bin/../lib/gcc/arm-none-eabi/9.3.1/../../../../arm-none-eabi/lib/thumb/v7e-m+fp/hard/libg.a(lib_a-reent.o)
                0x0000000008004290                cleanup_glue
 .text._reclaim_reent
                0x00000000080042ac       0x84 /usr/local/gcc-arm-none-eabi/bin/../lib/gcc/arm-none-eabi/9.3.1/../../../../arm-none-eabi/lib/thumb/v7e-m+fp/hard/libg.a(lib_a-reent.o)
                0x00000000080042ac                _reclaim_reent
 .text.snprintf
                0x0000000008004330       0x88 /usr/local/gcc-arm-none-eabi/bin/../lib/gcc/arm-none-eabi/9.3.1/../../../../arm-none-eabi/lib/thumb/v7e-m+fp/hard/libg.a(lib_a-snprintf.o)
                0x0000000008004330                snprintf
 .text._svfprintf_r
                0x00000000080043b8     0x1b38 /usr/local/gcc-arm-none-eabi/bin/../lib/gcc/arm-none-eabi/9.3.1/../../../../arm-none-eabi/lib/thumb/v7e-m+fp/hard/libg.a(lib_a-svfprintf.o)
                0x00000000080043b8                _svfprintf_r
 .text.startup.register_fini
                0x0000000008005ef0       0x14 /usr/local/gcc-arm-none-eabi/bin/../lib/gcc/arm-none-eabi/9.3.1/../../../../arm-none-eabi/lib/thumb/v7e-m+fp/hard/libg.a(lib_a-__call_atexit.o)
 .text.atexit   0x0000000008005f04        0xc /usr/local/gcc-arm-none-eabi/bin/../lib/gcc/arm-none-eabi/9.3.1/../../../../arm-none-eabi/lib/thumb/v7e-m+fp/hard/libg.a(lib_a-atexit.o)
                0x0000000008005f04                atexit
 .text.quorem   0x0000000008005f10      0x11c /usr/local/gcc-arm-none-eabi/bin/../lib/gcc/arm-none-eabi/9.3.1/../../../../arm-none-eabi/lib/thumb/v7e-m+fp/hard/libg.a(lib_a-dtoa.o)
 *fill*         0x000000000800602c        0x4 
 .text._dtoa_r  0x0000000008006030      0xf44 /usr/local/gcc-arm-none-eabi/bin/../lib/gcc/arm-none-eabi/9.3.1/../../../../arm-none-eabi/lib/thumb/v7e-m+fp/hard/libg.a(lib_a-dtoa.o)
                0x0000000008006030                _dtoa_r
 .text.__libc_fini_array
                0x0000000008006f74       0x2c /usr/local/gcc-arm-none-eabi/bin/../lib/gcc/arm-none-eabi/9.3.1/../../../../arm-none-eabi/lib/thumb/v7e-m+fp/hard/libg.a(lib_a-fini.o)
                0x0000000008006f74                __libc_fini_array
 .text.fiprintf
                0x0000000008006fa0       0x28 /usr/local/gcc-arm-none-eabi/bin/../lib/gcc/arm-none-eabi/9.3.1/../../../../arm-none-eabi/lib/thumb/v7e-m+fp/hard/libg.a(lib_a-fiprintf.o)
                0x0000000008006fa0                fiprintf
 .text._malloc_trim_r
                0x0000000008006fc8       0xa0 /usr/local/gcc-arm-none-eabi/bin/../lib/gcc/arm-none-eabi/9.3.1/../../../../arm-none-eabi/lib/thumb/v7e-m+fp/hard/libg.a(lib_a-freer.o)
                0x0000000008006fc8                _malloc_trim_r
 .text._free_r  0x0000000008007068      0x208 /usr/local/gcc-arm-none-eabi/bin/../lib/gcc/arm-none-eabi/9.3.1/../../../../arm-none-eabi/lib/thumb/v7e-m+fp/hard/libg.a(lib_a-freer.o)
                0x0000000008007068                _free_r
 .text._localeconv_r
                0x0000000008007270        0x8 /usr/local/gcc-arm-none-eabi/bin/../lib/gcc/arm-none-eabi/9.3.1/../../../../arm-none-eabi/lib/thumb/v7e-m+fp/hard/libg.a(lib_a-localeconv.o)
                0x0000000008007270                _localeconv_r
 .text.__retarget_lock_init_recursive
                0x0000000008007278        0x4 /usr/local/gcc-arm-none-eabi/bin/../lib/gcc/arm-none-eabi/9.3.1/../../../../arm-none-eabi/lib/thumb/v7e-m+fp/hard/libg.a(lib_a-lock.o)
                0x0000000008007278                __retarget_lock_init_recursive
 .text.__retarget_lock_close_recursive
                0x000000000800727c        0x4 /usr/local/gcc-arm-none-eabi/bin/../lib/gcc/arm-none-eabi/9.3.1/../../../../arm-none-eabi/lib/thumb/v7e-m+fp/hard/libg.a(lib_a-lock.o)
                0x000000000800727c                __retarget_lock_close_recursive
 .text.__retarget_lock_acquire_recursive
                0x0000000008007280        0x4 /usr/local/gcc-arm-none-eabi/bin/../lib/gcc/arm-none-eabi/9.3.1/../../../../arm-none-eabi/lib/thumb/v7e-m+fp/hard/libg.a(lib_a-lock.o)
                0x0000000008007280                __retarget_lock_acquire_recursive
 .text.__retarget_lock_release_recursive
                0x0000000008007284        0x4 /usr/local/gcc-arm-none-eabi/bin/../lib/gcc/arm-none-eabi/9.3.1/../../../../arm-none-eabi/lib/thumb/v7e-m+fp/hard/libg.a(lib_a-lock.o)
                0x0000000008007284                __retarget_lock_release_recursive
 .text._Balloc  0x0000000008007288       0x4c /usr/local/gcc-arm-none-eabi/bin/../lib/gcc/arm-none-eabi/9.3.1/../../../../arm-none-eabi/lib/thumb/v7e-m+fp/hard/libg.a(lib_a-mprec.o)
                0x0000000008007288                _Balloc
 .text._Bfree   0x00000000080072d4       0x14 /usr/local/gcc-arm-none-eabi/bin/../lib/gcc/arm-none-eabi/9.3.1/../../../../arm-none-eabi/lib/thumb/v7e-m+fp/hard/libg.a(lib_a-mprec.o)
                0x00000000080072d4                _Bfree
 .text.__multadd
                0x00000000080072e8       0xac /usr/local/gcc-arm-none-eabi/bin/../lib/gcc/arm-none-eabi/9.3.1/../../../../arm-none-eabi/lib/thumb/v7e-m+fp/hard/libg.a(lib_a-mprec.o)
                0x00000000080072e8                __multadd
 .text.__hi0bits
                0x0000000008007394       0x40 /usr/local/gcc-arm-none-eabi/bin/../lib/gcc/arm-none-eabi/9.3.1/../../../../arm-none-eabi/lib/thumb/v7e-m+fp/hard/libg.a(lib_a-mprec.o)
                0x0000000008007394                __hi0bits
 .text.__lo0bits
                0x00000000080073d4       0x60 /usr/local/gcc-arm-none-eabi/bin/../lib/gcc/arm-none-eabi/9.3.1/../../../../arm-none-eabi/lib/thumb/v7e-m+fp/hard/libg.a(lib_a-mprec.o)
                0x00000000080073d4                __lo0bits
 .text.__i2b    0x0000000008007434       0x2c /usr/local/gcc-arm-none-eabi/bin/../lib/gcc/arm-none-eabi/9.3.1/../../../../arm-none-eabi/lib/thumb/v7e-m+fp/hard/libg.a(lib_a-mprec.o)
                0x0000000008007434                __i2b
 .text.__multiply
                0x0000000008007460      0x160 /usr/local/gcc-arm-none-eabi/bin/../lib/gcc/arm-none-eabi/9.3.1/../../../../arm-none-eabi/lib/thumb/v7e-m+fp/hard/libg.a(lib_a-mprec.o)
                0x0000000008007460                __multiply
 .text.__pow5mult
                0x00000000080075c0       0x98 /usr/local/gcc-arm-none-eabi/bin/../lib/gcc/arm-none-eabi/9.3.1/../../../../arm-none-eabi/lib/thumb/v7e-m+fp/hard/libg.a(lib_a-mprec.o)
                0x00000000080075c0                __pow5mult
 .text.__lshift
                0x0000000008007658       0xe8 /usr/local/gcc-arm-none-eabi/bin/../lib/gcc/arm-none-eabi/9.3.1/../../../../arm-none-eabi/lib/thumb/v7e-m+fp/hard/libg.a(lib_a-mprec.o)
                0x0000000008007658                __lshift
 .text.__mcmp   0x0000000008007740       0x3c /usr/local/gcc-arm-none-eabi/bin/../lib/gcc/arm-none-eabi/9.3.1/../../../../arm-none-eabi/lib/thumb/v7e-m+fp/hard/libg.a(lib_a-mprec.o)
                0x0000000008007740                __mcmp
 .text.__mdiff  0x000000000800777c      0x148 /usr/local/gcc-arm-none-eabi/bin/../lib/gcc/arm-none-eabi/9.3.1/../../../../arm-none-eabi/lib/thumb/v7e-m+fp/hard/libg.a(lib_a-mprec.o)
                0x000000000800777c                __mdiff
 .text.__d2b    0x00000000080078c4       0xd0 /usr/local/gcc-arm-none-eabi/bin/../lib/gcc/arm-none-eabi/9.3.1/../../../../arm-none-eabi/lib/thumb/v7e-m+fp/hard/libg.a(lib_a-mprec.o)
                0x00000000080078c4                __d2b
 .text.frexp    0x0000000008007994       0x6c /usr/local/gcc-arm-none-eabi/bin/../lib/gcc/arm-none-eabi/9.3.1/../../../../arm-none-eabi/lib/thumb/v7e-m+fp/hard/libg.a(lib_a-s_frexp.o)
                0x0000000008007994                frexp
 .text.strncpy  0x0000000008007a00       0x68 /usr/local/gcc-arm-none-eabi/bin/../lib/gcc/arm-none-eabi/9.3.1/../../../../arm-none-eabi/lib/thumb/v7e-m+fp/hard/libg.a(lib_a-strncpy.o)
                0x0000000008007a00                strncpy
 .text.__ssprint_r
                0x0000000008007a68       0xf8 /usr/local/gcc-arm-none-eabi/bin/../lib/gcc/arm-none-eabi/9.3.1/../../../../arm-none-eabi/lib/thumb/v7e-m+fp/hard/libg.a(lib_a-svfiprintf.o)
                0x0000000008007a68                __ssprint_r
 .text.__sprint_r.part.0
                0x0000000008007b60       0x78 /usr/local/gcc-arm-none-eabi/bin/../lib/gcc/arm-none-eabi/9.3.1/../../../../arm-none-eabi/lib/thumb/v7e-m+fp/hard/libg.a(lib_a-vfiprintf.o)
 .text._vfiprintf_r
                0x0000000008007bd8      0xd4c /usr/local/gcc-arm-none-eabi/bin/../lib/gcc/arm-none-eabi/9.3.1/../../../../arm-none-eabi/lib/thumb/v7e-m+fp/hard/libg.a(lib_a-vfiprintf.o)
                0x0000000008007bd8                _vfiprintf_r
 .text.__sbprintf
                0x0000000008008924       0x84 /usr/local/gcc-arm-none-eabi/bin/../lib/gcc/arm-none-eabi/9.3.1/../../../../arm-none-eabi/lib/thumb/v7e-m+fp/hard/libg.a(lib_a-vfiprintf.o)
 .text.__swsetup_r
                0x00000000080089a8       0xd0 /usr/local/gcc-arm-none-eabi/bin/../lib/gcc/arm-none-eabi/9.3.1/../../../../arm-none-eabi/lib/thumb/v7e-m+fp/hard/libg.a(lib_a-wsetup.o)
                0x00000000080089a8                __swsetup_r
 .text.__register_exitproc
                0x0000000008008a78       0x8c /usr/local/gcc-arm-none-eabi/bin/../lib/gcc/arm-none-eabi/9.3.1/../../../../arm-none-eabi/lib/thumb/v7e-m+fp/hard/libg.a(lib_a-__atexit.o)
                0x0000000008008a78                __register_exitproc
 .text.__assert_func
                0x0000000008008b04       0x3c /usr/local/gcc-arm-none-eabi/bin/../lib/gcc/arm-none-eabi/9.3.1/../../../../arm-none-eabi/lib/thumb/v7e-m+fp/hard/libg.a(lib_a-assert.o)
                0x0000000008008b04                __assert_func
 .text._calloc_r
                0x0000000008008b40       0x60 /usr/local/gcc-arm-none-eabi/bin/../lib/gcc/arm-none-eabi/9.3.1/../../../../arm-none-eabi/lib/thumb/v7e-m+fp/hard/libg.a(lib_a-callocr.o)
                0x0000000008008b40                _calloc_r
 .text.__sflush_r
                0x0000000008008ba0      0x130 /usr/local/gcc-arm-none-eabi/bin/../lib/gcc/arm-none-eabi/9.3.1/../../../../arm-none-eabi/lib/thumb/v7e-m+fp/hard/libg.a(lib_a-fflush.o)
                0x0000000008008ba0                __sflush_r
 .text._fflush_r
                0x0000000008008cd0       0x5c /usr/local/gcc-arm-none-eabi/bin/../lib/gcc/arm-none-eabi/9.3.1/../../../../arm-none-eabi/lib/thumb/v7e-m+fp/hard/libg.a(lib_a-fflush.o)
                0x0000000008008cd0                _fflush_r
 .text.std      0x0000000008008d2c       0x50 /usr/local/gcc-arm-none-eabi/bin/../lib/gcc/arm-none-eabi/9.3.1/../../../../arm-none-eabi/lib/thumb/v7e-m+fp/hard/libg.a(lib_a-findfp.o)
 .text._cleanup_r
                0x0000000008008d7c        0xc /usr/local/gcc-arm-none-eabi/bin/../lib/gcc/arm-none-eabi/9.3.1/../../../../arm-none-eabi/lib/thumb/v7e-m+fp/hard/libg.a(lib_a-findfp.o)
                0x0000000008008d7c                _cleanup_r
 .text.__sinit  0x0000000008008d88       0x54 /usr/local/gcc-arm-none-eabi/bin/../lib/gcc/arm-none-eabi/9.3.1/../../../../arm-none-eabi/lib/thumb/v7e-m+fp/hard/libg.a(lib_a-findfp.o)
                0x0000000008008d88                __sinit
 .text.__sfp_lock_acquire
                0x0000000008008ddc        0xc /usr/local/gcc-arm-none-eabi/bin/../lib/gcc/arm-none-eabi/9.3.1/../../../../arm-none-eabi/lib/thumb/v7e-m+fp/hard/libg.a(lib_a-findfp.o)
                0x0000000008008ddc                __sfp_lock_acquire
 .text.__sfp_lock_release
                0x0000000008008de8        0xc /usr/local/gcc-arm-none-eabi/bin/../lib/gcc/arm-none-eabi/9.3.1/../../../../arm-none-eabi/lib/thumb/v7e-m+fp/hard/libg.a(lib_a-findfp.o)
                0x0000000008008de8                __sfp_lock_release
 .text.__fputwc
                0x0000000008008df4       0xa8 /usr/local/gcc-arm-none-eabi/bin/../lib/gcc/arm-none-eabi/9.3.1/../../../../arm-none-eabi/lib/thumb/v7e-m+fp/hard/libg.a(lib_a-fputwc.o)
                0x0000000008008df4                __fputwc
 .text._fputwc_r
                0x0000000008008e9c       0x68 /usr/local/gcc-arm-none-eabi/bin/../lib/gcc/arm-none-eabi/9.3.1/../../../../arm-none-eabi/lib/thumb/v7e-m+fp/hard/libg.a(lib_a-fputwc.o)
                0x0000000008008e9c                _fputwc_r
 .text.__sfvwrite_r
                0x0000000008008f04      0x2e0 /usr/local/gcc-arm-none-eabi/bin/../lib/gcc/arm-none-eabi/9.3.1/../../../../arm-none-eabi/lib/thumb/v7e-m+fp/hard/libg.a(lib_a-fvwrite.o)
                0x0000000008008f04                __sfvwrite_r
 .text._fwalk_reent
                0x00000000080091e4       0x48 /usr/local/gcc-arm-none-eabi/bin/../lib/gcc/arm-none-eabi/9.3.1/../../../../arm-none-eabi/lib/thumb/v7e-m+fp/hard/libg.a(lib_a-fwalk.o)
                0x00000000080091e4                _fwalk_reent
 .text.__locale_mb_cur_max
                0x000000000800922c        0xc /usr/local/gcc-arm-none-eabi/bin/../lib/gcc/arm-none-eabi/9.3.1/../../../../arm-none-eabi/lib/thumb/v7e-m+fp/hard/libg.a(lib_a-locale.o)
                0x000000000800922c                __locale_mb_cur_max
 .text.__swhatbuf_r
                0x0000000008009238       0x5c /usr/local/gcc-arm-none-eabi/bin/../lib/gcc/arm-none-eabi/9.3.1/../../../../arm-none-eabi/lib/thumb/v7e-m+fp/hard/libg.a(lib_a-makebuf.o)
                0x0000000008009238                __swhatbuf_r
 .text.__smakebuf_r
                0x0000000008009294       0x98 /usr/local/gcc-arm-none-eabi/bin/../lib/gcc/arm-none-eabi/9.3.1/../../../../arm-none-eabi/lib/thumb/v7e-m+fp/hard/libg.a(lib_a-makebuf.o)
                0x0000000008009294                __smakebuf_r
 .text.__ascii_mbtowc
                0x000000000800932c       0x2c /usr/local/gcc-arm-none-eabi/bin/../lib/gcc/arm-none-eabi/9.3.1/../../../../arm-none-eabi/lib/thumb/v7e-m+fp/hard/libg.a(lib_a-mbtowc_r.o)
                0x000000000800932c                __ascii_mbtowc
 .text.memmove  0x0000000008009358       0xd8 /usr/local/gcc-arm-none-eabi/bin/../lib/gcc/arm-none-eabi/9.3.1/../../../../arm-none-eabi/lib/thumb/v7e-m+fp/hard/libg.a(lib_a-memmove.o)
                0x0000000008009358                memmove
 .text._realloc_r
                0x0000000008009430      0x3e0 /usr/local/gcc-arm-none-eabi/bin/../lib/gcc/arm-none-eabi/9.3.1/../../../../arm-none-eabi/lib/thumb/v7e-m+fp/hard/libg.a(lib_a-reallocr.o)
                0x0000000008009430                _realloc_r
 .text.__sread  0x0000000008009810       0x24 /usr/local/gcc-arm-none-eabi/bin/../lib/gcc/arm-none-eabi/9.3.1/../../../../arm-none-eabi/lib/thumb/v7e-m+fp/hard/libg.a(lib_a-stdio.o)
                0x0000000008009810                __sread
 .text.__swrite
                0x0000000008009834       0x40 /usr/local/gcc-arm-none-eabi/bin/../lib/gcc/arm-none-eabi/9.3.1/../../../../arm-none-eabi/lib/thumb/v7e-m+fp/hard/libg.a(lib_a-stdio.o)
                0x0000000008009834                __swrite
 .text.__sseek  0x0000000008009874       0x20 /usr/local/gcc-arm-none-eabi/bin/../lib/gcc/arm-none-eabi/9.3.1/../../../../arm-none-eabi/lib/thumb/v7e-m+fp/hard/libg.a(lib_a-stdio.o)
                0x0000000008009874                __sseek
 .text.__sclose
                0x0000000008009894        0x8 /usr/local/gcc-arm-none-eabi/bin/../lib/gcc/arm-none-eabi/9.3.1/../../../../arm-none-eabi/lib/thumb/v7e-m+fp/hard/libg.a(lib_a-stdio.o)
                0x0000000008009894                __sclose
 .text.__swbuf_r
                0x000000000800989c       0xb0 /usr/local/gcc-arm-none-eabi/bin/../lib/gcc/arm-none-eabi/9.3.1/../../../../arm-none-eabi/lib/thumb/v7e-m+fp/hard/libg.a(lib_a-wbuf.o)
                0x000000000800989c                __swbuf_r
 .text._wcrtomb_r
                0x000000000800994c       0x3c /usr/local/gcc-arm-none-eabi/bin/../lib/gcc/arm-none-eabi/9.3.1/../../../../arm-none-eabi/lib/thumb/v7e-m+fp/hard/libg.a(lib_a-wcrtomb.o)
                0x000000000800994c                _wcrtomb_r
 .text.__ascii_wctomb
                0x0000000008009988       0x1c /usr/local/gcc-arm-none-eabi/bin/../lib/gcc/arm-none-eabi/9.3.1/../../../../arm-none-eabi/lib/thumb/v7e-m+fp/hard/libg.a(lib_a-wctomb_r.o)
                0x0000000008009988                __ascii_wctomb
 .text._write_r
                0x00000000080099a4       0x2c /usr/local/gcc-arm-none-eabi/bin/../lib/gcc/arm-none-eabi/9.3.1/../../../../arm-none-eabi/lib/thumb/v7e-m+fp/hard/libg.a(lib_a-writer.o)
                0x00000000080099a4                _write_r
 .text.abort    0x00000000080099d0       0x10 /usr/local/gcc-arm-none-eabi/bin/../lib/gcc/arm-none-eabi/9.3.1/../../../../arm-none-eabi/lib/thumb/v7e-m+fp/hard/libg.a(lib_a-abort.o)
                0x00000000080099d0                abort
 .text._close_r
                0x00000000080099e0       0x24 /usr/local/gcc-arm-none-eabi/bin/../lib/gcc/arm-none-eabi/9.3.1/../../../../arm-none-eabi/lib/thumb/v7e-m+fp/hard/libg.a(lib_a-closer.o)
                0x00000000080099e0                _close_r
 .text._fclose_r
                0x0000000008009a04       0xcc /usr/local/gcc-arm-none-eabi/bin/../lib/gcc/arm-none-eabi/9.3.1/../../../../arm-none-eabi/lib/thumb/v7e-m+fp/hard/libg.a(lib_a-fclose.o)
                0x0000000008009a04                _fclose_r
 .text._fstat_r
                0x0000000008009ad0       0x2c /usr/local/gcc-arm-none-eabi/bin/../lib/gcc/arm-none-eabi/9.3.1/../../../../arm-none-eabi/lib/thumb/v7e-m+fp/hard/libg.a(lib_a-fstatr.o)
                0x0000000008009ad0                _fstat_r
 .text._isatty_r
                0x0000000008009afc       0x24 /usr/local/gcc-arm-none-eabi/bin/../lib/gcc/arm-none-eabi/9.3.1/../../../../arm-none-eabi/lib/thumb/v7e-m+fp/hard/libg.a(lib_a-isattyr.o)
                0x0000000008009afc                _isatty_r
 .text._lseek_r
                0x0000000008009b20       0x2c /usr/local/gcc-arm-none-eabi/bin/../lib/gcc/arm-none-eabi/9.3.1/../../../../arm-none-eabi/lib/thumb/v7e-m+fp/hard/libg.a(lib_a-lseekr.o)
                0x0000000008009b20                _lseek_r
 .text._read_r  0x0000000008009b4c       0x2c /usr/local/gcc-arm-none-eabi/bin/../lib/gcc/arm-none-eabi/9.3.1/../../../../arm-none-eabi/lib/thumb/v7e-m+fp/hard/libg.a(lib_a-readr.o)
                0x0000000008009b4c                _read_r
 .text._raise_r
                0x0000000008009b78       0x58 /usr/local/gcc-arm-none-eabi/bin/../lib/gcc/arm-none-eabi/9.3.1/../../../../arm-none-eabi/lib/thumb/v7e-m+fp/hard/libg.a(lib_a-signal.o)
                0x0000000008009b78                _raise_r
 .text.raise    0x0000000008009bd0       0x10 /usr/local/gcc-arm-none-eabi/bin/../lib/gcc/arm-none-eabi/9.3.1/../../../../arm-none-eabi/lib/thumb/v7e-m+fp/hard/libg.a(lib_a-signal.o)
                0x0000000008009bd0                raise
 .text._kill_r  0x0000000008009be0       0x2c /usr/local/gcc-arm-none-eabi/bin/../lib/gcc/arm-none-eabi/9.3.1/../../../../arm-none-eabi/lib/thumb/v7e-m+fp/hard/libg.a(lib_a-signalr.o)
                0x0000000008009be0                _kill_r
 .text._getpid_r
                0x0000000008009c0c        0x4 /usr/local/gcc-arm-none-eabi/bin/../lib/gcc/arm-none-eabi/9.3.1/../../../../arm-none-eabi/lib/thumb/v7e-m+fp/hard/libg.a(lib_a-signalr.o)
                0x0000000008009c0c                _getpid_r
 *(.glue_7)
 .glue_7        0x0000000008009c10        0x0 linker stubs
 *(.glue_7t)
 .glue_7t       0x0000000008009c10        0x0 linker stubs
 *(.eh_frame)
 .eh_frame      0x0000000008009c10        0x0 /usr/local/gcc-arm-none-eabi/bin/../lib/gcc/arm-none-eabi/9.3.1/thumb/v7e-m+fp/hard/crtbegin.o
 *(.init)
 .init          0x0000000008009c10        0x4 /usr/local/gcc-arm-none-eabi/bin/../lib/gcc/arm-none-eabi/9.3.1/thumb/v7e-m+fp/hard/crti.o
                0x0000000008009c10                _init
 .init          0x0000000008009c14        0x8 /usr/local/gcc-arm-none-eabi/bin/../lib/gcc/arm-none-eabi/9.3.1/thumb/v7e-m+fp/hard/crtn.o
 *(.fini)
 .fini          0x0000000008009c1c        0x4 /usr/local/gcc-arm-none-eabi/bin/../lib/gcc/arm-none-eabi/9.3.1/thumb/v7e-m+fp/hard/crti.o
                0x0000000008009c1c                _fini
 .fini          0x0000000008009c20        0x8 /usr/local/gcc-arm-none-eabi/bin/../lib/gcc/arm-none-eabi/9.3.1/thumb/v7e-m+fp/hard/crtn.o
                0x0000000008009c28                . = ALIGN (0x4)
                0x0000000008009c28                _etext = .

.vfp11_veneer   0x0000000008009c28        0x0
 .vfp11_veneer  0x0000000008009c28        0x0 linker stubs

.v4_bx          0x0000000008009c28        0x0
 .v4_bx         0x0000000008009c28        0x0 linker stubs

.iplt           0x0000000008009c28        0x0
 .iplt          0x0000000008009c28        0x0 /usr/local/gcc-arm-none-eabi/bin/../lib/gcc/arm-none-eabi/9.3.1/thumb/v7e-m+fp/hard/crtbegin.o

.rodata         0x0000000008009c28      0x498
                0x0000000008009c28                . = ALIGN (0x4)
 *(.rodata)
 *(.rodata*)
 .rodata.StartTask02.str1.4
                0x0000000008009c28        0xf CMakeFiles/FreeRTOS.elf.dir/Core/Src/freertos.c.obj
 *fill*         0x0000000008009c37        0x1 
 .rodata.str1.4
                0x0000000008009c38       0x18 CMakeFiles/FreeRTOS.elf.dir/Core/Src/freertos.c.obj
 .rodata.defaultTask_attributes
                0x0000000008009c50       0x24 CMakeFiles/FreeRTOS.elf.dir/Core/Src/freertos.c.obj
                0x0000000008009c50                defaultTask_attributes
 .rodata.myTask02_attributes
                0x0000000008009c74       0x24 CMakeFiles/FreeRTOS.elf.dir/Core/Src/freertos.c.obj
                0x0000000008009c74                myTask02_attributes
 .rodata.AHBPrescTable
                0x0000000008009c98       0x10 CMakeFiles/FreeRTOS.elf.dir/Core/Src/system_stm32f4xx.c.obj
                0x0000000008009c98                AHBPrescTable
 .rodata.APBPrescTable
                0x0000000008009ca8        0x8 CMakeFiles/FreeRTOS.elf.dir/Core/Src/system_stm32f4xx.c.obj
                0x0000000008009ca8                APBPrescTable
 .rodata.vTaskStartScheduler.str1.4
                0x0000000008009cb0        0x5 CMakeFiles/FreeRTOS.elf.dir/Middlewares/Third_Party/FreeRTOS/Source/tasks.c.obj
 *fill*         0x0000000008009cb5        0x3 
 .rodata.prvCheckForValidListAndQueue.str1.4
                0x0000000008009cb8        0x5 CMakeFiles/FreeRTOS.elf.dir/Middlewares/Third_Party/FreeRTOS/Source/timers.c.obj
 *fill*         0x0000000008009cbd        0x3 
 .rodata.xTimerCreateTimerTask.str1.4
                0x0000000008009cc0        0x8 CMakeFiles/FreeRTOS.elf.dir/Middlewares/Third_Party/FreeRTOS/Source/timers.c.obj
 .rodata._global_impure_ptr
                0x0000000008009cc8        0x4 /usr/local/gcc-arm-none-eabi/bin/../lib/gcc/arm-none-eabi/9.3.1/../../../../arm-none-eabi/lib/thumb/v7e-m+fp/hard/libg.a(lib_a-impure.o)
                0x0000000008009cc8                _global_impure_ptr
 .rodata._svfprintf_r.str1.4
                0x0000000008009ccc       0x42 /usr/local/gcc-arm-none-eabi/bin/../lib/gcc/arm-none-eabi/9.3.1/../../../../arm-none-eabi/lib/thumb/v7e-m+fp/hard/libg.a(lib_a-svfprintf.o)
 *fill*         0x0000000008009d0e        0x2 
 .rodata.blanks.8698
                0x0000000008009d10       0x10 /usr/local/gcc-arm-none-eabi/bin/../lib/gcc/arm-none-eabi/9.3.1/../../../../arm-none-eabi/lib/thumb/v7e-m+fp/hard/libg.a(lib_a-svfprintf.o)
 .rodata.zeroes.8699
                0x0000000008009d20       0x10 /usr/local/gcc-arm-none-eabi/bin/../lib/gcc/arm-none-eabi/9.3.1/../../../../arm-none-eabi/lib/thumb/v7e-m+fp/hard/libg.a(lib_a-svfprintf.o)
 .rodata._dtoa_r.str1.4
                0x0000000008009d30       0xa0 /usr/local/gcc-arm-none-eabi/bin/../lib/gcc/arm-none-eabi/9.3.1/../../../../arm-none-eabi/lib/thumb/v7e-m+fp/hard/libg.a(lib_a-dtoa.o)
                                         0xa4 (size before relaxing)
 .rodata.__multadd.str1.4
                0x0000000008009dd0       0x7d /usr/local/gcc-arm-none-eabi/bin/../lib/gcc/arm-none-eabi/9.3.1/../../../../arm-none-eabi/lib/thumb/v7e-m+fp/hard/libg.a(lib_a-mprec.o)
                                         0x91 (size before relaxing)
 *fill*         0x0000000008009e4d        0x3 
 .rodata.__mprec_bigtens
                0x0000000008009e50       0x28 /usr/local/gcc-arm-none-eabi/bin/../lib/gcc/arm-none-eabi/9.3.1/../../../../arm-none-eabi/lib/thumb/v7e-m+fp/hard/libg.a(lib_a-mprec.o)
                0x0000000008009e50                __mprec_bigtens
 .rodata.__mprec_tens
                0x0000000008009e78       0xc8 /usr/local/gcc-arm-none-eabi/bin/../lib/gcc/arm-none-eabi/9.3.1/../../../../arm-none-eabi/lib/thumb/v7e-m+fp/hard/libg.a(lib_a-mprec.o)
                0x0000000008009e78                __mprec_tens
 .rodata.p05.7485
                0x0000000008009f40        0xc /usr/local/gcc-arm-none-eabi/bin/../lib/gcc/arm-none-eabi/9.3.1/../../../../arm-none-eabi/lib/thumb/v7e-m+fp/hard/libg.a(lib_a-mprec.o)
 .rodata._vfiprintf_r.str1.4
                0x0000000008009f4c       0x2f /usr/local/gcc-arm-none-eabi/bin/../lib/gcc/arm-none-eabi/9.3.1/../../../../arm-none-eabi/lib/thumb/v7e-m+fp/hard/libg.a(lib_a-vfiprintf.o)
 .rodata.blanks.8691
                0x0000000008009f4c       0x10 /usr/local/gcc-arm-none-eabi/bin/../lib/gcc/arm-none-eabi/9.3.1/../../../../arm-none-eabi/lib/thumb/v7e-m+fp/hard/libg.a(lib_a-vfiprintf.o)
 .rodata.zeroes.8692
                0x0000000008009f5c       0x10 /usr/local/gcc-arm-none-eabi/bin/../lib/gcc/arm-none-eabi/9.3.1/../../../../arm-none-eabi/lib/thumb/v7e-m+fp/hard/libg.a(lib_a-vfiprintf.o)
 .rodata.__assert_func.str1.4
                0x0000000008009f6c       0x3f /usr/local/gcc-arm-none-eabi/bin/../lib/gcc/arm-none-eabi/9.3.1/../../../../arm-none-eabi/lib/thumb/v7e-m+fp/hard/libg.a(lib_a-assert.o)
                                         0x43 (size before relaxing)
 *fill*         0x0000000008009fab        0x1 
 .rodata._setlocale_r.str1.4
                0x0000000008009fac        0xa /usr/local/gcc-arm-none-eabi/bin/../lib/gcc/arm-none-eabi/9.3.1/../../../../arm-none-eabi/lib/thumb/v7e-m+fp/hard/libg.a(lib_a-locale.o)
                                          0xd (size before relaxing)
 *fill*         0x0000000008009fb6        0x2 
 .rodata.str1.4
                0x0000000008009fb8        0x2 /usr/local/gcc-arm-none-eabi/bin/../lib/gcc/arm-none-eabi/9.3.1/../../../../arm-none-eabi/lib/thumb/v7e-m+fp/hard/libg.a(lib_a-locale.o)
 *fill*         0x0000000008009fba        0x2 
 .rodata._ctype_
                0x0000000008009fbc      0x101 /usr/local/gcc-arm-none-eabi/bin/../lib/gcc/arm-none-eabi/9.3.1/../../../../arm-none-eabi/lib/thumb/v7e-m+fp/hard/libg.a(lib_a-ctype_.o)
                0x0000000008009fbc                _ctype_
                0x000000000800a0c0                . = ALIGN (0x4)
 *fill*         0x000000000800a0bd        0x3 

.ARM.extab
 *(.ARM.extab* .gnu.linkonce.armextab.*)

.ARM            0x000000000800a0c0        0x8
                0x000000000800a0c0                __exidx_start = .
 *(.ARM.exidx*)
 .ARM.exidx     0x000000000800a0c0        0x8 /usr/local/gcc-arm-none-eabi/bin/../lib/gcc/arm-none-eabi/9.3.1/thumb/v7e-m+fp/hard/libgcc.a(_udivmoddi4.o)
                0x000000000800a0c8                __exidx_end = .

.rel.dyn        0x000000000800a0c8        0x0
 .rel.iplt      0x000000000800a0c8        0x0 /usr/local/gcc-arm-none-eabi/bin/../lib/gcc/arm-none-eabi/9.3.1/thumb/v7e-m+fp/hard/crtbegin.o

.preinit_array  0x000000000800a0c8        0x0
                0x000000000800a0c8                PROVIDE (__preinit_array_start = .)
 *(.preinit_array*)
                0x000000000800a0c8                PROVIDE (__preinit_array_end = .)

.init_array     0x000000000800a0c8        0x8
                0x000000000800a0c8                PROVIDE (__init_array_start = .)
 *(SORT_BY_NAME(.init_array.*))
 .init_array.00000
                0x000000000800a0c8        0x4 /usr/local/gcc-arm-none-eabi/bin/../lib/gcc/arm-none-eabi/9.3.1/../../../../arm-none-eabi/lib/thumb/v7e-m+fp/hard/libg.a(lib_a-__call_atexit.o)
 *(.init_array*)
 .init_array    0x000000000800a0cc        0x4 /usr/local/gcc-arm-none-eabi/bin/../lib/gcc/arm-none-eabi/9.3.1/thumb/v7e-m+fp/hard/crtbegin.o
                0x000000000800a0d0                PROVIDE (__init_array_end = .)

.fini_array     0x000000000800a0d0        0x4
                0x000000000800a0d0                PROVIDE (__fini_array_start = .)
 *(SORT_BY_NAME(.fini_array.*))
 *(.fini_array*)
 .fini_array    0x000000000800a0d0        0x4 /usr/local/gcc-arm-none-eabi/bin/../lib/gcc/arm-none-eabi/9.3.1/thumb/v7e-m+fp/hard/crtbegin.o
                0x000000000800a0d4                PROVIDE (__fini_array_end = .)
                0x000000000800a0d4                _sidata = LOADADDR (.data)

.data           0x0000000020000000      0x9c0 load address 0x000000000800a0d4
                0x0000000020000000                . = ALIGN (0x4)
                0x0000000020000000                _sdata = .
 *(.data)
 *(.data*)
 .data.SystemCoreClock
                0x0000000020000000        0x4 CMakeFiles/FreeRTOS.elf.dir/Core/Src/system_stm32f4xx.c.obj
                0x0000000020000000                SystemCoreClock
 .data.uwTickFreq
                0x0000000020000004        0x1 CMakeFiles/FreeRTOS.elf.dir/Drivers/STM32F4xx_HAL_Driver/Src/stm32f4xx_hal.c.obj
                0x0000000020000004                uwTickFreq
 *fill*         0x0000000020000005        0x3 
 .data.uwTickPrio
                0x0000000020000008        0x4 CMakeFiles/FreeRTOS.elf.dir/Drivers/STM32F4xx_HAL_Driver/Src/stm32f4xx_hal.c.obj
                0x0000000020000008                uwTickPrio
 .data.uxCriticalNesting
                0x000000002000000c        0x4 CMakeFiles/FreeRTOS.elf.dir/Middlewares/Third_Party/FreeRTOS/Source/portable/GCC/ARM_CM4F/port.c.obj
 .data.currentHeapEnd.6725
                0x0000000020000010        0x4 CMakeFiles/FreeRTOS.elf.dir/Middlewares/Third_Party/FreeRTOS/Source/portable/MemMang/heap_useNewlib_ST.c.obj
 .data._impure_ptr
                0x0000000020000014        0x4 /usr/local/gcc-arm-none-eabi/bin/../lib/gcc/arm-none-eabi/9.3.1/../../../../arm-none-eabi/lib/thumb/v7e-m+fp/hard/libg.a(lib_a-impure.o)
                0x0000000020000014                _impure_ptr
 .data.impure_data
                0x0000000020000018      0x428 /usr/local/gcc-arm-none-eabi/bin/../lib/gcc/arm-none-eabi/9.3.1/../../../../arm-none-eabi/lib/thumb/v7e-m+fp/hard/libg.a(lib_a-impure.o)
 .data.__malloc_av_
                0x0000000020000440      0x408 /usr/local/gcc-arm-none-eabi/bin/../lib/gcc/arm-none-eabi/9.3.1/../../../../arm-none-eabi/lib/thumb/v7e-m+fp/hard/libg.a(lib_a-mallocr.o)
                0x0000000020000440                __malloc_av_
 .data.__malloc_sbrk_base
                0x0000000020000848        0x4 /usr/local/gcc-arm-none-eabi/bin/../lib/gcc/arm-none-eabi/9.3.1/../../../../arm-none-eabi/lib/thumb/v7e-m+fp/hard/libg.a(lib_a-mallocr.o)
                0x0000000020000848                __malloc_sbrk_base
 .data.__malloc_trim_threshold
                0x000000002000084c        0x4 /usr/local/gcc-arm-none-eabi/bin/../lib/gcc/arm-none-eabi/9.3.1/../../../../arm-none-eabi/lib/thumb/v7e-m+fp/hard/libg.a(lib_a-mallocr.o)
                0x000000002000084c                __malloc_trim_threshold
 .data.__atexit_recursive_mutex
                0x0000000020000850        0x4 /usr/local/gcc-arm-none-eabi/bin/../lib/gcc/arm-none-eabi/9.3.1/../../../../arm-none-eabi/lib/thumb/v7e-m+fp/hard/libg.a(lib_a-__call_atexit.o)
                0x0000000020000850                __atexit_recursive_mutex
 .data.__global_locale
                0x0000000020000854      0x16c /usr/local/gcc-arm-none-eabi/bin/../lib/gcc/arm-none-eabi/9.3.1/../../../../arm-none-eabi/lib/thumb/v7e-m+fp/hard/libg.a(lib_a-locale.o)
                0x0000000020000854                __global_locale
                0x00000000200009c0                . = ALIGN (0x4)
                0x00000000200009c0                _edata = .

.igot.plt       0x00000000200009c0        0x0 load address 0x000000000800aa94
 .igot.plt      0x00000000200009c0        0x0 /usr/local/gcc-arm-none-eabi/bin/../lib/gcc/arm-none-eabi/9.3.1/thumb/v7e-m+fp/hard/crtbegin.o
                0x00000000200009c0                . = ALIGN (0x4)

.bss            0x00000000200009c0     0x1658 load address 0x000000000800aa94
                0x00000000200009c0                _sbss = .
                0x00000000200009c0                __bss_start__ = _sbss
 *(.bss)
 .bss           0x00000000200009c0       0x1c /usr/local/gcc-arm-none-eabi/bin/../lib/gcc/arm-none-eabi/9.3.1/thumb/v7e-m+fp/hard/crtbegin.o
 *(.bss*)
 .bss.defaultTaskHandle
                0x00000000200009dc        0x4 CMakeFiles/FreeRTOS.elf.dir/Core/Src/freertos.c.obj
                0x00000000200009dc                defaultTaskHandle
 .bss.myTask02Handle
                0x00000000200009e0        0x4 CMakeFiles/FreeRTOS.elf.dir/Core/Src/freertos.c.obj
                0x00000000200009e0                myTask02Handle
 .bss.htim10    0x00000000200009e4       0x40 CMakeFiles/FreeRTOS.elf.dir/Core/Src/stm32f4xx_hal_timebase_tim.c.obj
                0x00000000200009e4                htim10
 .bss.uwTick    0x0000000020000a24        0x4 CMakeFiles/FreeRTOS.elf.dir/Drivers/STM32F4xx_HAL_Driver/Src/stm32f4xx_hal.c.obj
                0x0000000020000a24                uwTick
 .bss.Idle_Stack
                0x0000000020000a28      0x200 CMakeFiles/FreeRTOS.elf.dir/Middlewares/Third_Party/FreeRTOS/Source/CMSIS_RTOS_V2/cmsis_os2.c.obj
 .bss.Idle_TCB  0x0000000020000c28      0x488 CMakeFiles/FreeRTOS.elf.dir/Middlewares/Third_Party/FreeRTOS/Source/CMSIS_RTOS_V2/cmsis_os2.c.obj
 .bss.KernelState
                0x00000000200010b0        0x4 CMakeFiles/FreeRTOS.elf.dir/Middlewares/Third_Party/FreeRTOS/Source/CMSIS_RTOS_V2/cmsis_os2.c.obj
 .bss.Timer_Stack
                0x00000000200010b4      0x400 CMakeFiles/FreeRTOS.elf.dir/Middlewares/Third_Party/FreeRTOS/Source/CMSIS_RTOS_V2/cmsis_os2.c.obj
 *fill*         0x00000000200014b4        0x4 
 .bss.Timer_TCB
                0x00000000200014b8      0x488 CMakeFiles/FreeRTOS.elf.dir/Middlewares/Third_Party/FreeRTOS/Source/CMSIS_RTOS_V2/cmsis_os2.c.obj
 .bss.ucMaxSysCallPriority
                0x0000000020001940        0x1 CMakeFiles/FreeRTOS.elf.dir/Middlewares/Third_Party/FreeRTOS/Source/portable/GCC/ARM_CM4F/port.c.obj
 *fill*         0x0000000020001941        0x3 
 .bss.ulMaxPRIGROUPValue
                0x0000000020001944        0x4 CMakeFiles/FreeRTOS.elf.dir/Middlewares/Third_Party/FreeRTOS/Source/portable/GCC/ARM_CM4F/port.c.obj
 .bss.TotalHeapSize
                0x0000000020001948        0x4 CMakeFiles/FreeRTOS.elf.dir/Middlewares/Third_Party/FreeRTOS/Source/portable/MemMang/heap_useNewlib_ST.c.obj
                0x0000000020001948                TotalHeapSize
 .bss.heapBytesRemaining
                0x000000002000194c        0x4 CMakeFiles/FreeRTOS.elf.dir/Middlewares/Third_Party/FreeRTOS/Source/portable/MemMang/heap_useNewlib_ST.c.obj
 .bss.totalBytesProvidedBySBRK
                0x0000000020001950        0x4 CMakeFiles/FreeRTOS.elf.dir/Middlewares/Third_Party/FreeRTOS/Source/portable/MemMang/heap_useNewlib_ST.c.obj
 .bss.xQueueRegistry
                0x0000000020001954       0x40 CMakeFiles/FreeRTOS.elf.dir/Middlewares/Third_Party/FreeRTOS/Source/queue.c.obj
                0x0000000020001954                xQueueRegistry
 .bss.pxCurrentTCB
                0x0000000020001994        0x4 CMakeFiles/FreeRTOS.elf.dir/Middlewares/Third_Party/FreeRTOS/Source/tasks.c.obj
                0x0000000020001994                pxCurrentTCB
 .bss.pxDelayedTaskList
                0x0000000020001998        0x4 CMakeFiles/FreeRTOS.elf.dir/Middlewares/Third_Party/FreeRTOS/Source/tasks.c.obj
 .bss.pxOverflowDelayedTaskList
                0x000000002000199c        0x4 CMakeFiles/FreeRTOS.elf.dir/Middlewares/Third_Party/FreeRTOS/Source/tasks.c.obj
 .bss.pxReadyTasksLists
                0x00000000200019a0      0x460 CMakeFiles/FreeRTOS.elf.dir/Middlewares/Third_Party/FreeRTOS/Source/tasks.c.obj
 .bss.uxCurrentNumberOfTasks
                0x0000000020001e00        0x4 CMakeFiles/FreeRTOS.elf.dir/Middlewares/Third_Party/FreeRTOS/Source/tasks.c.obj
 .bss.uxDeletedTasksWaitingCleanUp
                0x0000000020001e04        0x4 CMakeFiles/FreeRTOS.elf.dir/Middlewares/Third_Party/FreeRTOS/Source/tasks.c.obj
 .bss.uxPendedTicks
                0x0000000020001e08        0x4 CMakeFiles/FreeRTOS.elf.dir/Middlewares/Third_Party/FreeRTOS/Source/tasks.c.obj
 .bss.uxSchedulerSuspended
                0x0000000020001e0c        0x4 CMakeFiles/FreeRTOS.elf.dir/Middlewares/Third_Party/FreeRTOS/Source/tasks.c.obj
 .bss.uxTaskNumber
                0x0000000020001e10        0x4 CMakeFiles/FreeRTOS.elf.dir/Middlewares/Third_Party/FreeRTOS/Source/tasks.c.obj
 .bss.uxTopReadyPriority
                0x0000000020001e14        0x4 CMakeFiles/FreeRTOS.elf.dir/Middlewares/Third_Party/FreeRTOS/Source/tasks.c.obj
 .bss.xDelayedTaskList1
                0x0000000020001e18       0x14 CMakeFiles/FreeRTOS.elf.dir/Middlewares/Third_Party/FreeRTOS/Source/tasks.c.obj
 .bss.xDelayedTaskList2
                0x0000000020001e2c       0x14 CMakeFiles/FreeRTOS.elf.dir/Middlewares/Third_Party/FreeRTOS/Source/tasks.c.obj
 .bss.xNextTaskUnblockTime
                0x0000000020001e40        0x4 CMakeFiles/FreeRTOS.elf.dir/Middlewares/Third_Party/FreeRTOS/Source/tasks.c.obj
 .bss.xNumOfOverflows
                0x0000000020001e44        0x4 CMakeFiles/FreeRTOS.elf.dir/Middlewares/Third_Party/FreeRTOS/Source/tasks.c.obj
 .bss.xPendingReadyList
                0x0000000020001e48       0x14 CMakeFiles/FreeRTOS.elf.dir/Middlewares/Third_Party/FreeRTOS/Source/tasks.c.obj
 .bss.xSchedulerRunning
                0x0000000020001e5c        0x4 CMakeFiles/FreeRTOS.elf.dir/Middlewares/Third_Party/FreeRTOS/Source/tasks.c.obj
 .bss.xSuspendedTaskList
                0x0000000020001e60       0x14 CMakeFiles/FreeRTOS.elf.dir/Middlewares/Third_Party/FreeRTOS/Source/tasks.c.obj
 .bss.xTasksWaitingTermination
                0x0000000020001e74       0x14 CMakeFiles/FreeRTOS.elf.dir/Middlewares/Third_Party/FreeRTOS/Source/tasks.c.obj
 .bss.xTickCount
                0x0000000020001e88        0x4 CMakeFiles/FreeRTOS.elf.dir/Middlewares/Third_Party/FreeRTOS/Source/tasks.c.obj
 .bss.xYieldPending
                0x0000000020001e8c        0x4 CMakeFiles/FreeRTOS.elf.dir/Middlewares/Third_Party/FreeRTOS/Source/tasks.c.obj
 .bss.pxCurrentTimerList
                0x0000000020001e90        0x4 CMakeFiles/FreeRTOS.elf.dir/Middlewares/Third_Party/FreeRTOS/Source/timers.c.obj
 .bss.pxOverflowTimerList
                0x0000000020001e94        0x4 CMakeFiles/FreeRTOS.elf.dir/Middlewares/Third_Party/FreeRTOS/Source/timers.c.obj
 .bss.ucStaticTimerQueueStorage.7021
                0x0000000020001e98       0xa0 CMakeFiles/FreeRTOS.elf.dir/Middlewares/Third_Party/FreeRTOS/Source/timers.c.obj
 .bss.xActiveTimerList1
                0x0000000020001f38       0x14 CMakeFiles/FreeRTOS.elf.dir/Middlewares/Third_Party/FreeRTOS/Source/timers.c.obj
 .bss.xActiveTimerList2
                0x0000000020001f4c       0x14 CMakeFiles/FreeRTOS.elf.dir/Middlewares/Third_Party/FreeRTOS/Source/timers.c.obj
 .bss.xLastTime.6970
                0x0000000020001f60        0x4 CMakeFiles/FreeRTOS.elf.dir/Middlewares/Third_Party/FreeRTOS/Source/timers.c.obj
 .bss.xStaticTimerQueue.7020
                0x0000000020001f64       0x50 CMakeFiles/FreeRTOS.elf.dir/Middlewares/Third_Party/FreeRTOS/Source/timers.c.obj
 .bss.xTimerQueue
                0x0000000020001fb4        0x4 CMakeFiles/FreeRTOS.elf.dir/Middlewares/Third_Party/FreeRTOS/Source/timers.c.obj
 .bss.xTimerTaskHandle
                0x0000000020001fb8        0x4 CMakeFiles/FreeRTOS.elf.dir/Middlewares/Third_Party/FreeRTOS/Source/timers.c.obj
 .bss.__malloc_current_mallinfo
                0x0000000020001fbc       0x28 /usr/local/gcc-arm-none-eabi/bin/../lib/gcc/arm-none-eabi/9.3.1/../../../../arm-none-eabi/lib/thumb/v7e-m+fp/hard/libg.a(lib_a-mallocr.o)
                0x0000000020001fbc                __malloc_current_mallinfo
 .bss.__malloc_max_sbrked_mem
                0x0000000020001fe4        0x4 /usr/local/gcc-arm-none-eabi/bin/../lib/gcc/arm-none-eabi/9.3.1/../../../../arm-none-eabi/lib/thumb/v7e-m+fp/hard/libg.a(lib_a-mallocr.o)
                0x0000000020001fe4                __malloc_max_sbrked_mem
 .bss.__malloc_max_total_mem
                0x0000000020001fe8        0x4 /usr/local/gcc-arm-none-eabi/bin/../lib/gcc/arm-none-eabi/9.3.1/../../../../arm-none-eabi/lib/thumb/v7e-m+fp/hard/libg.a(lib_a-mallocr.o)
                0x0000000020001fe8                __malloc_max_total_mem
 .bss.__malloc_top_pad
                0x0000000020001fec        0x4 /usr/local/gcc-arm-none-eabi/bin/../lib/gcc/arm-none-eabi/9.3.1/../../../../arm-none-eabi/lib/thumb/v7e-m+fp/hard/libg.a(lib_a-mallocr.o)
                0x0000000020001fec                __malloc_top_pad
 *(COMMON)
 COMMON         0x0000000020001ff0        0x4 /usr/local/gcc-arm-none-eabi/bin/../lib/gcc/arm-none-eabi/9.3.1/../../../../arm-none-eabi/lib/thumb/v7e-m+fp/hard/libg.a(lib_a-reent.o)
                0x0000000020001ff0                errno
 COMMON         0x0000000020001ff4       0x21 /usr/local/gcc-arm-none-eabi/bin/../lib/gcc/arm-none-eabi/9.3.1/../../../../arm-none-eabi/lib/thumb/v7e-m+fp/hard/libg.a(lib_a-lock.o)
                0x0000000020001ff4                __lock___atexit_recursive_mutex
                0x0000000020001ff8                __lock___arc4random_mutex
                0x0000000020001ffc                __lock___env_recursive_mutex
                0x0000000020002000                __lock___sinit_recursive_mutex
                0x0000000020002004                __lock___malloc_recursive_mutex
                0x0000000020002008                __lock___at_quick_exit_mutex
                0x000000002000200c                __lock___dd_hash_mutex
                0x0000000020002010                __lock___tz_mutex
                0x0000000020002014                __lock___sfp_recursive_mutex
                0x0000000020002018                . = ALIGN (0x4)
 *fill*         0x0000000020002015        0x3 
                0x0000000020002018                _ebss = .
                0x0000000020002018                __bss_end__ = _ebss

._user_heap_stack
                0x0000000020002018      0x600 load address 0x000000000800aa94
                0x0000000020002018                . = ALIGN (0x8)
                0x0000000020002018                PROVIDE (end = .)
                [!provide]                        PROVIDE (_end = .)
                0x0000000020002218                . = (. + _Min_Heap_Size)
 *fill*         0x0000000020002018      0x200 
                0x0000000020002618                . = (. + _Min_Stack_Size)
 *fill*         0x0000000020002218      0x400 
                0x0000000020002618                . = ALIGN (0x8)

/DISCARD/
 libc.a(*)
 libm.a(*)
 libgcc.a(*)

.ARM.attributes
                0x0000000000000000       0x30
 *(.ARM.attributes)
 .ARM.attributes
                0x0000000000000000       0x1e /usr/local/gcc-arm-none-eabi/bin/../lib/gcc/arm-none-eabi/9.3.1/thumb/v7e-m+fp/hard/crti.o
 .ARM.attributes
                0x000000000000001e       0x34 /usr/local/gcc-arm-none-eabi/bin/../lib/gcc/arm-none-eabi/9.3.1/thumb/v7e-m+fp/hard/crtbegin.o
 .ARM.attributes
                0x0000000000000052       0x34 CMakeFiles/FreeRTOS.elf.dir/Core/Src/freertos.c.obj
 .ARM.attributes
                0x0000000000000086       0x34 CMakeFiles/FreeRTOS.elf.dir/Core/Src/gpio.c.obj
 .ARM.attributes
                0x00000000000000ba       0x34 CMakeFiles/FreeRTOS.elf.dir/Core/Src/main.c.obj
 .ARM.attributes
                0x00000000000000ee       0x34 CMakeFiles/FreeRTOS.elf.dir/Core/Src/stm32f4xx_hal_msp.c.obj
 .ARM.attributes
                0x0000000000000122       0x34 CMakeFiles/FreeRTOS.elf.dir/Core/Src/stm32f4xx_hal_timebase_tim.c.obj
 .ARM.attributes
                0x0000000000000156       0x34 CMakeFiles/FreeRTOS.elf.dir/Core/Src/stm32f4xx_it.c.obj
 .ARM.attributes
                0x000000000000018a       0x34 CMakeFiles/FreeRTOS.elf.dir/Core/Src/syscalls.c.obj
 .ARM.attributes
                0x00000000000001be       0x34 CMakeFiles/FreeRTOS.elf.dir/Core/Src/system_stm32f4xx.c.obj
 .ARM.attributes
                0x00000000000001f2       0x34 CMakeFiles/FreeRTOS.elf.dir/Drivers/STM32F4xx_HAL_Driver/Src/stm32f4xx_hal.c.obj
 .ARM.attributes
                0x0000000000000226       0x34 CMakeFiles/FreeRTOS.elf.dir/Drivers/STM32F4xx_HAL_Driver/Src/stm32f4xx_hal_cortex.c.obj
 .ARM.attributes
                0x000000000000025a       0x34 CMakeFiles/FreeRTOS.elf.dir/Drivers/STM32F4xx_HAL_Driver/Src/stm32f4xx_hal_gpio.c.obj
 .ARM.attributes
                0x000000000000028e       0x34 CMakeFiles/FreeRTOS.elf.dir/Drivers/STM32F4xx_HAL_Driver/Src/stm32f4xx_hal_rcc.c.obj
 .ARM.attributes
                0x00000000000002c2       0x34 CMakeFiles/FreeRTOS.elf.dir/Drivers/STM32F4xx_HAL_Driver/Src/stm32f4xx_hal_tim.c.obj
 .ARM.attributes
                0x00000000000002f6       0x34 CMakeFiles/FreeRTOS.elf.dir/Drivers/STM32F4xx_HAL_Driver/Src/stm32f4xx_hal_tim_ex.c.obj
 .ARM.attributes
                0x000000000000032a       0x34 CMakeFiles/FreeRTOS.elf.dir/Middlewares/Third_Party/FreeRTOS/Source/CMSIS_RTOS_V2/cmsis_os2.c.obj
 .ARM.attributes
                0x000000000000035e       0x34 CMakeFiles/FreeRTOS.elf.dir/Middlewares/Third_Party/FreeRTOS/Source/list.c.obj
 .ARM.attributes
                0x0000000000000392       0x34 CMakeFiles/FreeRTOS.elf.dir/Middlewares/Third_Party/FreeRTOS/Source/portable/GCC/ARM_CM4F/port.c.obj
 .ARM.attributes
                0x00000000000003c6       0x34 CMakeFiles/FreeRTOS.elf.dir/Middlewares/Third_Party/FreeRTOS/Source/portable/MemMang/heap_useNewlib_ST.c.obj
 .ARM.attributes
                0x00000000000003fa       0x34 CMakeFiles/FreeRTOS.elf.dir/Middlewares/Third_Party/FreeRTOS/Source/queue.c.obj
 .ARM.attributes
                0x000000000000042e       0x34 CMakeFiles/FreeRTOS.elf.dir/Middlewares/Third_Party/FreeRTOS/Source/tasks.c.obj
 .ARM.attributes
                0x0000000000000462       0x34 CMakeFiles/FreeRTOS.elf.dir/Middlewares/Third_Party/FreeRTOS/Source/timers.c.obj
 .ARM.attributes
                0x0000000000000496       0x21 CMakeFiles/FreeRTOS.elf.dir/startup/startup_stm32f401xc.s.obj
 .ARM.attributes
                0x00000000000004b7       0x1e /usr/local/gcc-arm-none-eabi/bin/../lib/gcc/arm-none-eabi/9.3.1/thumb/v7e-m+fp/hard/libgcc.a(_aeabi_uldivmod.o)
 .ARM.attributes
                0x00000000000004d5       0x34 /usr/local/gcc-arm-none-eabi/bin/../lib/gcc/arm-none-eabi/9.3.1/thumb/v7e-m+fp/hard/libgcc.a(_udivmoddi4.o)
 .ARM.attributes
                0x0000000000000509       0x1e /usr/local/gcc-arm-none-eabi/bin/../lib/gcc/arm-none-eabi/9.3.1/thumb/v7e-m+fp/hard/libgcc.a(_dvmd_tls.o)
 .ARM.attributes
                0x0000000000000527       0x34 /usr/local/gcc-arm-none-eabi/bin/../lib/gcc/arm-none-eabi/9.3.1/../../../../arm-none-eabi/lib/thumb/v7e-m+fp/hard/libg.a(lib_a-errno.o)
 .ARM.attributes
                0x000000000000055b       0x32 /usr/local/gcc-arm-none-eabi/bin/../lib/gcc/arm-none-eabi/9.3.1/../../../../arm-none-eabi/lib/thumb/v7e-m+fp/hard/libg.a(lib_a-impure.o)
 .ARM.attributes
                0x000000000000058d       0x34 /usr/local/gcc-arm-none-eabi/bin/../lib/gcc/arm-none-eabi/9.3.1/../../../../arm-none-eabi/lib/thumb/v7e-m+fp/hard/libg.a(lib_a-init.o)
 .ARM.attributes
                0x00000000000005c1       0x34 /usr/local/gcc-arm-none-eabi/bin/../lib/gcc/arm-none-eabi/9.3.1/../../../../arm-none-eabi/lib/thumb/v7e-m+fp/hard/libg.a(lib_a-malloc.o)
 .ARM.attributes
                0x00000000000005f5       0x34 /usr/local/gcc-arm-none-eabi/bin/../lib/gcc/arm-none-eabi/9.3.1/../../../../arm-none-eabi/lib/thumb/v7e-m+fp/hard/libg.a(lib_a-mallocr.o)
 .ARM.attributes
                0x0000000000000629       0x1c /usr/local/gcc-arm-none-eabi/bin/../lib/gcc/arm-none-eabi/9.3.1/../../../../arm-none-eabi/lib/thumb/v7e-m+fp/hard/libg.a(lib_a-memcpy.o)
 .ARM.attributes
                0x0000000000000645       0x34 /usr/local/gcc-arm-none-eabi/bin/../lib/gcc/arm-none-eabi/9.3.1/../../../../arm-none-eabi/lib/thumb/v7e-m+fp/hard/libg.a(lib_a-memset.o)
 .ARM.attributes
                0x0000000000000679       0x34 /usr/local/gcc-arm-none-eabi/bin/../lib/gcc/arm-none-eabi/9.3.1/../../../../arm-none-eabi/lib/thumb/v7e-m+fp/hard/libg.a(lib_a-reent.o)
 .ARM.attributes
                0x00000000000006ad       0x34 /usr/local/gcc-arm-none-eabi/bin/../lib/gcc/arm-none-eabi/9.3.1/../../../../arm-none-eabi/lib/thumb/v7e-m+fp/hard/libg.a(lib_a-snprintf.o)
 .ARM.attributes
                0x00000000000006e1       0x34 /usr/local/gcc-arm-none-eabi/bin/../lib/gcc/arm-none-eabi/9.3.1/../../../../arm-none-eabi/lib/thumb/v7e-m+fp/hard/libg.a(lib_a-svfprintf.o)
 .ARM.attributes
                0x0000000000000715       0x34 /usr/local/gcc-arm-none-eabi/bin/../lib/gcc/arm-none-eabi/9.3.1/../../../../arm-none-eabi/lib/thumb/v7e-m+fp/hard/libg.a(lib_a-__call_atexit.o)
 .ARM.attributes
                0x0000000000000749       0x34 /usr/local/gcc-arm-none-eabi/bin/../lib/gcc/arm-none-eabi/9.3.1/../../../../arm-none-eabi/lib/thumb/v7e-m+fp/hard/libg.a(lib_a-atexit.o)
 .ARM.attributes
                0x000000000000077d       0x34 /usr/local/gcc-arm-none-eabi/bin/../lib/gcc/arm-none-eabi/9.3.1/../../../../arm-none-eabi/lib/thumb/v7e-m+fp/hard/libg.a(lib_a-dtoa.o)
 .ARM.attributes
                0x00000000000007b1       0x34 /usr/local/gcc-arm-none-eabi/bin/../lib/gcc/arm-none-eabi/9.3.1/../../../../arm-none-eabi/lib/thumb/v7e-m+fp/hard/libg.a(lib_a-fini.o)
 .ARM.attributes
                0x00000000000007e5       0x34 /usr/local/gcc-arm-none-eabi/bin/../lib/gcc/arm-none-eabi/9.3.1/../../../../arm-none-eabi/lib/thumb/v7e-m+fp/hard/libg.a(lib_a-fiprintf.o)
 .ARM.attributes
                0x0000000000000819       0x34 /usr/local/gcc-arm-none-eabi/bin/../lib/gcc/arm-none-eabi/9.3.1/../../../../arm-none-eabi/lib/thumb/v7e-m+fp/hard/libg.a(lib_a-freer.o)
 .ARM.attributes
                0x000000000000084d       0x34 /usr/local/gcc-arm-none-eabi/bin/../lib/gcc/arm-none-eabi/9.3.1/../../../../arm-none-eabi/lib/thumb/v7e-m+fp/hard/libg.a(lib_a-localeconv.o)
 .ARM.attributes
                0x0000000000000881       0x34 /usr/local/gcc-arm-none-eabi/bin/../lib/gcc/arm-none-eabi/9.3.1/../../../../arm-none-eabi/lib/thumb/v7e-m+fp/hard/libg.a(lib_a-lock.o)
 .ARM.attributes
                0x00000000000008b5       0x1c /usr/local/gcc-arm-none-eabi/bin/../lib/gcc/arm-none-eabi/9.3.1/../../../../arm-none-eabi/lib/thumb/v7e-m+fp/hard/libg.a(lib_a-memchr.o)
 .ARM.attributes
                0x00000000000008d1       0x34 /usr/local/gcc-arm-none-eabi/bin/../lib/gcc/arm-none-eabi/9.3.1/../../../../arm-none-eabi/lib/thumb/v7e-m+fp/hard/libg.a(lib_a-mprec.o)
 .ARM.attributes
                0x0000000000000905       0x34 /usr/local/gcc-arm-none-eabi/bin/../lib/gcc/arm-none-eabi/9.3.1/../../../../arm-none-eabi/lib/thumb/v7e-m+fp/hard/libg.a(lib_a-s_frexp.o)
 .ARM.attributes
                0x0000000000000939       0x1c /usr/local/gcc-arm-none-eabi/bin/../lib/gcc/arm-none-eabi/9.3.1/../../../../arm-none-eabi/lib/thumb/v7e-m+fp/hard/libg.a(lib_a-strlen.o)
 .ARM.attributes
                0x0000000000000955       0x34 /usr/local/gcc-arm-none-eabi/bin/../lib/gcc/arm-none-eabi/9.3.1/../../../../arm-none-eabi/lib/thumb/v7e-m+fp/hard/libg.a(lib_a-strncpy.o)
 .ARM.attributes
                0x0000000000000989       0x34 /usr/local/gcc-arm-none-eabi/bin/../lib/gcc/arm-none-eabi/9.3.1/../../../../arm-none-eabi/lib/thumb/v7e-m+fp/hard/libg.a(lib_a-svfiprintf.o)
 .ARM.attributes
                0x00000000000009bd       0x34 /usr/local/gcc-arm-none-eabi/bin/../lib/gcc/arm-none-eabi/9.3.1/../../../../arm-none-eabi/lib/thumb/v7e-m+fp/hard/libg.a(lib_a-vfiprintf.o)
 .ARM.attributes
                0x00000000000009f1       0x34 /usr/local/gcc-arm-none-eabi/bin/../lib/gcc/arm-none-eabi/9.3.1/../../../../arm-none-eabi/lib/thumb/v7e-m+fp/hard/libg.a(lib_a-wsetup.o)
 .ARM.attributes
                0x0000000000000a25       0x34 /usr/local/gcc-arm-none-eabi/bin/../lib/gcc/arm-none-eabi/9.3.1/../../../../arm-none-eabi/lib/thumb/v7e-m+fp/hard/libg.a(lib_a-__atexit.o)
 .ARM.attributes
                0x0000000000000a59       0x34 /usr/local/gcc-arm-none-eabi/bin/../lib/gcc/arm-none-eabi/9.3.1/../../../../arm-none-eabi/lib/thumb/v7e-m+fp/hard/libg.a(lib_a-assert.o)
 .ARM.attributes
                0x0000000000000a8d       0x34 /usr/local/gcc-arm-none-eabi/bin/../lib/gcc/arm-none-eabi/9.3.1/../../../../arm-none-eabi/lib/thumb/v7e-m+fp/hard/libg.a(lib_a-callocr.o)
 .ARM.attributes